20:19:58   Config file: NBFNet/config/knowledge_graph/rdkg_baseline.yaml
20:19:58   {'dataset': {'class': 'RDKG',
             'path': '/nfs/stak/users/hodgesf/data/splits_human'},
 'engine': {'batch_size': 4, 'gpus': [0], 'log_interval': 25},
 'fast_test': 1000,
 'metric': 'mrr',
 'optimizer': {'class': 'Adam', 'lr': 0.0005},
 'output_dir': '~/experiments/',
 'scheduler': {'T_max': 10, 'class': 'CosineAnnealingLR', 'eta_min': 1e-06},
 'task': {'adversarial_temperature': 1,
          'class': 'KnowledgeGraphCompletion',
          'criterion': 'bce',
          'full_batch_eval': True,
          'model': {'aggregate_func': 'sum',
                    'class': 'NBFNet',
                    'dependent': False,
                    'hidden_dims': [32, 32, 32, 32, 32, 32],
                    'input_dim': 32,
                    'layer_norm': True,
                    'message_func': 'distmult',
                    'short_cut': True},
          'num_negative': 32,
          'sample_weight': False,
          'strict_negative': True},
 'train': {'batch_per_epoch': 500, 'num_epoch': 10}}
20:20:08   RDKG(
  #entity: 855997
  #relation: 25
  #triplet: 2723762
)
20:20:08   #train: 275217, #valid: 33862, #test: 33880
20:20:08   Quick test mode on. Only evaluate on 1000 samples for valid / test.
20:20:08   Preprocess training set
20:20:10   {'batch_size': 4,
 'class': 'core.Engine',
 'gpus': [0],
 'gradient_interval': 1,
 'log_interval': 25,
 'logger': 'logging',
 'num_worker': 0,
 'optimizer': {'amsgrad': False,
               'betas': (0.9, 0.999),
               'capturable': False,
               'class': 'optim.Adam',
               'differentiable': False,
               'eps': 1e-08,
               'foreach': None,
               'fused': None,
               'lr': 0.0005,
               'maximize': False,
               'weight_decay': 0},
 'scheduler': <torch.optim.lr_scheduler.CosineAnnealingLR object at 0x148efb4f71f0>,
 'task': {'adversarial_temperature': 1,
          'class': 'tasks.KnowledgeGraphCompletion',
          'criterion': 'bce',
          'fact_ratio': None,
          'filtered_ranking': True,
          'full_batch_eval': True,
          'margin': 6,
          'metric': ('mr', 'mrr', 'hits@1', 'hits@3', 'hits@10'),
          'model': {'activation': 'relu',
                    'aggregate_func': 'sum',
                    'class': 'model.NBFNet',
                    'concat_hidden': False,
                    'dependent': False,
                    'hidden_dims': [32, 32, 32, 32, 32, 32],
                    'input_dim': 32,
                    'layer_norm': True,
                    'message_func': 'distmult',
                    'num_beam': 10,
                    'num_mlp_layer': 2,
                    'num_relation': tensor(25),
                    'path_topk': 10,
                    'remove_one_hop': False,
                    'short_cut': True,
                    'symmetric': False},
          'num_negative': 32,
          'sample_weight': False,
          'strict_negative': True},
 'test_set': {'class': 'dataset.Subset',
              'dataset': {'class': 'dataset.Subset',
                          'dataset': {'class': 'datasets.RDKG',
                                      'path': '/nfs/stak/users/hodgesf/data/splits_human',
                                      'verbose': 1},
                          'indices': range(2689882, 2723762)},
              'indices': [2161, 19356, 20768, ..., 1911, 5265, 10364]},
 'train_set': {'class': 'dataset.Subset',
               'dataset': {'class': 'datasets.RDKG',
                           'path': '/nfs/stak/users/hodgesf/data/splits_human',
                           'verbose': 1},
               'indices': [1522608, 1329446, 1384467, ..., 2474824, 2474825,
                           2474826]},
 'valid_set': {'class': 'dataset.Subset',
               'dataset': {'class': 'dataset.Subset',
                           'dataset': {'class': 'datasets.RDKG',
                                       'path': '/nfs/stak/users/hodgesf/data/splits_human',
                                       'verbose': 1},
                           'indices': range(2656020, 2689882)},
               'indices': [15505, 8898, 12623, ..., 21654, 29890, 24828]}}
20:20:10   >>>>>>>>>>>>>>>>>>>>>>>>>>>>>>
20:20:10   Epoch 0 begin
20:20:11   >>>>>>>>>>>>>>>>>>>>>>>>>>>>>>
20:20:11   binary cross entropy: 0.721343
20:20:22   >>>>>>>>>>>>>>>>>>>>>>>>>>>>>>
20:20:22   binary cross entropy: 0.251604
20:20:34   >>>>>>>>>>>>>>>>>>>>>>>>>>>>>>
20:20:34   binary cross entropy: 0.299225
20:20:45   >>>>>>>>>>>>>>>>>>>>>>>>>>>>>>
20:20:45   binary cross entropy: 0.241491
20:20:57   >>>>>>>>>>>>>>>>>>>>>>>>>>>>>>
20:20:57   binary cross entropy: 0.162084
20:21:08   >>>>>>>>>>>>>>>>>>>>>>>>>>>>>>
20:21:08   binary cross entropy: 0.277924
20:21:20   >>>>>>>>>>>>>>>>>>>>>>>>>>>>>>
20:21:20   binary cross entropy: 0.311959
20:21:31   >>>>>>>>>>>>>>>>>>>>>>>>>>>>>>
20:21:31   binary cross entropy: 0.20472
20:21:42   >>>>>>>>>>>>>>>>>>>>>>>>>>>>>>
20:21:43   binary cross entropy: 0.138779
20:21:54   >>>>>>>>>>>>>>>>>>>>>>>>>>>>>>
20:21:54   binary cross entropy: 0.440711
20:22:05   >>>>>>>>>>>>>>>>>>>>>>>>>>>>>>
20:22:06   binary cross entropy: 0.170162
20:22:17   >>>>>>>>>>>>>>>>>>>>>>>>>>>>>>
20:22:17   binary cross entropy: 0.0479989
20:22:28   >>>>>>>>>>>>>>>>>>>>>>>>>>>>>>
20:22:29   binary cross entropy: 0.476685
20:22:40   >>>>>>>>>>>>>>>>>>>>>>>>>>>>>>
20:22:40   binary cross entropy: 0.0985295
20:22:51   >>>>>>>>>>>>>>>>>>>>>>>>>>>>>>
20:22:52   binary cross entropy: 0.0373497
20:23:03   >>>>>>>>>>>>>>>>>>>>>>>>>>>>>>
20:23:03   binary cross entropy: 0.0603978
20:23:14   >>>>>>>>>>>>>>>>>>>>>>>>>>>>>>
20:23:14   binary cross entropy: 0.359081
20:23:26   >>>>>>>>>>>>>>>>>>>>>>>>>>>>>>
20:23:26   binary cross entropy: 0.0816196
20:23:37   >>>>>>>>>>>>>>>>>>>>>>>>>>>>>>
20:23:37   binary cross entropy: 0.221048
20:23:48   >>>>>>>>>>>>>>>>>>>>>>>>>>>>>>
20:23:49   binary cross entropy: 0.264155
20:24:00   >>>>>>>>>>>>>>>>>>>>>>>>>>>>>>
20:24:00   Epoch 0 end
20:24:00   duration: 3.85 mins
20:24:00   speed: 2.17 batch / sec
20:24:00   ETA: 0.00 secs
20:24:00   max GPU memory: 19298.3 MiB
20:24:00   ------------------------------
20:24:00   average binary cross entropy: 0.28296
20:24:00   Save checkpoint to model_epoch_1.pth
20:24:01   >>>>>>>>>>>>>>>>>>>>>>>>>>>>>>
20:24:01   Evaluate on valid
20:25:06   ------------------------------
20:25:06   hits@1: 0.129
20:25:06   hits@10: 0.2945
20:25:06   hits@3: 0.194
20:25:06   mr: 439.684
20:25:06   mrr: 0.186818
20:25:06   >>>>>>>>>>>>>>>>>>>>>>>>>>>>>>
20:25:06   Epoch 1 begin
20:25:06   >>>>>>>>>>>>>>>>>>>>>>>>>>>>>>
20:25:07   binary cross entropy: 0.11687
20:25:18   >>>>>>>>>>>>>>>>>>>>>>>>>>>>>>
20:25:18   binary cross entropy: 0.311915
20:25:29   >>>>>>>>>>>>>>>>>>>>>>>>>>>>>>
20:25:30   binary cross entropy: 0.0567215
20:25:41   >>>>>>>>>>>>>>>>>>>>>>>>>>>>>>
20:25:41   binary cross entropy: 0.550278
20:25:52   >>>>>>>>>>>>>>>>>>>>>>>>>>>>>>
20:25:52   binary cross entropy: 0.325042
20:26:04   >>>>>>>>>>>>>>>>>>>>>>>>>>>>>>
20:26:04   binary cross entropy: 0.0488206
20:26:15   >>>>>>>>>>>>>>>>>>>>>>>>>>>>>>
20:26:15   binary cross entropy: 0.160713
20:26:27   >>>>>>>>>>>>>>>>>>>>>>>>>>>>>>
20:26:27   binary cross entropy: 0.0915379
20:26:38   >>>>>>>>>>>>>>>>>>>>>>>>>>>>>>
20:26:38   binary cross entropy: 0.133885
20:26:49   >>>>>>>>>>>>>>>>>>>>>>>>>>>>>>
20:26:50   binary cross entropy: 0.407239
20:27:01   >>>>>>>>>>>>>>>>>>>>>>>>>>>>>>
20:27:01   binary cross entropy: 0.173259
20:27:12   >>>>>>>>>>>>>>>>>>>>>>>>>>>>>>
20:27:13   binary cross entropy: 0.0264963
20:27:24   >>>>>>>>>>>>>>>>>>>>>>>>>>>>>>
20:27:24   binary cross entropy: 0.0660599
20:27:35   >>>>>>>>>>>>>>>>>>>>>>>>>>>>>>
20:27:36   binary cross entropy: 0.12411
20:27:47   >>>>>>>>>>>>>>>>>>>>>>>>>>>>>>
20:27:47   binary cross entropy: 0.0487663
20:27:58   >>>>>>>>>>>>>>>>>>>>>>>>>>>>>>
20:27:58   binary cross entropy: 0.638797
20:28:10   >>>>>>>>>>>>>>>>>>>>>>>>>>>>>>
20:28:10   binary cross entropy: 0.186692
20:28:21   >>>>>>>>>>>>>>>>>>>>>>>>>>>>>>
20:28:21   binary cross entropy: 0.744355
20:28:32   >>>>>>>>>>>>>>>>>>>>>>>>>>>>>>
20:28:33   binary cross entropy: 0.154429
20:28:44   >>>>>>>>>>>>>>>>>>>>>>>>>>>>>>
20:28:44   binary cross entropy: 0.141249
20:28:55   >>>>>>>>>>>>>>>>>>>>>>>>>>>>>>
20:28:55   Epoch 1 end
20:28:55   duration: 4.93 mins
20:28:55   speed: 1.69 batch / sec
20:28:55   ETA: 0.00 secs
20:28:55   max GPU memory: 19456.1 MiB
20:28:55   ------------------------------
20:28:55   average binary cross entropy: 0.193138
20:28:55   Save checkpoint to model_epoch_2.pth
20:28:57   >>>>>>>>>>>>>>>>>>>>>>>>>>>>>>
20:28:57   Evaluate on valid
20:30:01   ------------------------------
20:30:01   hits@1: 0.243
20:30:01   hits@10: 0.498
20:30:01   hits@3: 0.3655
20:30:01   mr: 271.147
20:30:01   mrr: 0.329327
20:30:02   >>>>>>>>>>>>>>>>>>>>>>>>>>>>>>
20:30:02   Epoch 2 begin
20:30:02   >>>>>>>>>>>>>>>>>>>>>>>>>>>>>>
20:30:02   binary cross entropy: 0.10008
20:30:13   >>>>>>>>>>>>>>>>>>>>>>>>>>>>>>
20:30:13   binary cross entropy: 0.0665281
20:30:25   >>>>>>>>>>>>>>>>>>>>>>>>>>>>>>
20:30:25   binary cross entropy: 0.211068
20:30:36   >>>>>>>>>>>>>>>>>>>>>>>>>>>>>>
20:30:36   binary cross entropy: 0.0232031
20:30:48   >>>>>>>>>>>>>>>>>>>>>>>>>>>>>>
20:30:48   binary cross entropy: 0.185188
20:30:59   >>>>>>>>>>>>>>>>>>>>>>>>>>>>>>
20:30:59   binary cross entropy: 0.200328
20:31:10   >>>>>>>>>>>>>>>>>>>>>>>>>>>>>>
20:31:11   binary cross entropy: 0.105411
20:31:22   >>>>>>>>>>>>>>>>>>>>>>>>>>>>>>
20:31:22   binary cross entropy: 0.478037
20:31:33   >>>>>>>>>>>>>>>>>>>>>>>>>>>>>>
20:31:34   binary cross entropy: 0.0728316
20:31:45   >>>>>>>>>>>>>>>>>>>>>>>>>>>>>>
20:31:45   binary cross entropy: 0.0525838
20:31:56   >>>>>>>>>>>>>>>>>>>>>>>>>>>>>>
20:31:57   binary cross entropy: 0.105179
20:32:08   >>>>>>>>>>>>>>>>>>>>>>>>>>>>>>
20:32:08   binary cross entropy: 0.359283
20:32:19   >>>>>>>>>>>>>>>>>>>>>>>>>>>>>>
20:32:20   binary cross entropy: 0.103513
20:32:31   >>>>>>>>>>>>>>>>>>>>>>>>>>>>>>
20:32:31   binary cross entropy: 0.0291445
20:32:42   >>>>>>>>>>>>>>>>>>>>>>>>>>>>>>
20:32:42   binary cross entropy: 0.0246706
20:32:54   >>>>>>>>>>>>>>>>>>>>>>>>>>>>>>
20:32:54   binary cross entropy: 0.0831829
20:33:05   >>>>>>>>>>>>>>>>>>>>>>>>>>>>>>
20:33:05   binary cross entropy: 0.115301
20:33:17   >>>>>>>>>>>>>>>>>>>>>>>>>>>>>>
20:33:17   binary cross entropy: 0.0714736
20:33:28   >>>>>>>>>>>>>>>>>>>>>>>>>>>>>>
20:33:28   binary cross entropy: 0.0334566
20:33:39   >>>>>>>>>>>>>>>>>>>>>>>>>>>>>>
20:33:40   binary cross entropy: 0.0414518
20:33:51   >>>>>>>>>>>>>>>>>>>>>>>>>>>>>>
20:33:51   Epoch 2 end
20:33:51   duration: 4.93 mins
20:33:51   speed: 1.69 batch / sec
20:33:51   ETA: 0.00 secs
20:33:51   max GPU memory: 19456.1 MiB
20:33:51   ------------------------------
20:33:51   average binary cross entropy: 0.175239
20:33:51   Save checkpoint to model_epoch_3.pth
20:33:52   >>>>>>>>>>>>>>>>>>>>>>>>>>>>>>
20:33:52   Evaluate on valid
20:34:56   ------------------------------
20:34:56   hits@1: 0.221
20:34:56   hits@10: 0.4665
20:34:56   hits@3: 0.325
20:34:56   mr: 192.488
20:34:56   mrr: 0.305443
20:34:56   >>>>>>>>>>>>>>>>>>>>>>>>>>>>>>
20:34:56   Epoch 3 begin
20:34:56   >>>>>>>>>>>>>>>>>>>>>>>>>>>>>>
20:34:56   binary cross entropy: 0.0366156
20:35:07   >>>>>>>>>>>>>>>>>>>>>>>>>>>>>>
20:35:08   binary cross entropy: 0.17049
20:35:19   >>>>>>>>>>>>>>>>>>>>>>>>>>>>>>
20:35:19   binary cross entropy: 0.0924763
20:35:30   >>>>>>>>>>>>>>>>>>>>>>>>>>>>>>
20:35:30   binary cross entropy: 0.260384
20:35:42   >>>>>>>>>>>>>>>>>>>>>>>>>>>>>>
20:35:42   binary cross entropy: 0.087965
20:35:53   >>>>>>>>>>>>>>>>>>>>>>>>>>>>>>
20:35:53   binary cross entropy: 0.667866
20:36:05   >>>>>>>>>>>>>>>>>>>>>>>>>>>>>>
20:36:05   binary cross entropy: 0.10191
20:36:16   >>>>>>>>>>>>>>>>>>>>>>>>>>>>>>
20:36:16   binary cross entropy: 0.0547046
20:36:27   >>>>>>>>>>>>>>>>>>>>>>>>>>>>>>
20:36:28   binary cross entropy: 0.148783
20:36:39   >>>>>>>>>>>>>>>>>>>>>>>>>>>>>>
20:36:39   binary cross entropy: 0.0833815
20:36:50   >>>>>>>>>>>>>>>>>>>>>>>>>>>>>>
20:36:51   binary cross entropy: 0.0454624
20:37:02   >>>>>>>>>>>>>>>>>>>>>>>>>>>>>>
20:37:02   binary cross entropy: 0.0693521
20:37:13   >>>>>>>>>>>>>>>>>>>>>>>>>>>>>>
20:37:14   binary cross entropy: 0.100421
20:37:25   >>>>>>>>>>>>>>>>>>>>>>>>>>>>>>
20:37:25   binary cross entropy: 0.0954807
20:37:36   >>>>>>>>>>>>>>>>>>>>>>>>>>>>>>
20:37:37   binary cross entropy: 0.118053
20:37:48   >>>>>>>>>>>>>>>>>>>>>>>>>>>>>>
20:37:48   binary cross entropy: 0.0216178
20:37:59   >>>>>>>>>>>>>>>>>>>>>>>>>>>>>>
20:38:00   binary cross entropy: 0.178595
20:38:11   >>>>>>>>>>>>>>>>>>>>>>>>>>>>>>
20:38:11   binary cross entropy: 0.0451517
20:38:22   >>>>>>>>>>>>>>>>>>>>>>>>>>>>>>
20:38:23   binary cross entropy: 0.0214624
20:38:34   >>>>>>>>>>>>>>>>>>>>>>>>>>>>>>
20:38:34   binary cross entropy: 0.0453146
20:38:45   >>>>>>>>>>>>>>>>>>>>>>>>>>>>>>
20:38:45   Epoch 3 end
20:38:45   duration: 4.90 mins
20:38:45   speed: 1.70 batch / sec
20:38:45   ETA: 0.00 secs
20:38:45   max GPU memory: 19456.1 MiB
20:38:45   ------------------------------
20:38:45   average binary cross entropy: 0.168879
20:38:45   Save checkpoint to model_epoch_4.pth
20:38:47   >>>>>>>>>>>>>>>>>>>>>>>>>>>>>>
20:38:47   Evaluate on valid
20:39:50   ------------------------------
20:39:50   hits@1: 0.2065
20:39:50   hits@10: 0.5095
20:39:50   hits@3: 0.3165
20:39:50   mr: 126.053
20:39:50   mrr: 0.301441
20:39:50   >>>>>>>>>>>>>>>>>>>>>>>>>>>>>>
20:39:50   Epoch 4 begin
20:39:50   >>>>>>>>>>>>>>>>>>>>>>>>>>>>>>
20:39:51   binary cross entropy: 0.0910048
20:40:02   >>>>>>>>>>>>>>>>>>>>>>>>>>>>>>
20:40:02   binary cross entropy: 0.025638
20:40:13   >>>>>>>>>>>>>>>>>>>>>>>>>>>>>>
20:40:13   binary cross entropy: 0.1467
20:40:25   >>>>>>>>>>>>>>>>>>>>>>>>>>>>>>
20:40:25   binary cross entropy: 0.0603637
20:40:36   >>>>>>>>>>>>>>>>>>>>>>>>>>>>>>
20:40:36   binary cross entropy: 1.04046
20:40:48   >>>>>>>>>>>>>>>>>>>>>>>>>>>>>>
20:40:48   binary cross entropy: 0.0179143
20:40:59   >>>>>>>>>>>>>>>>>>>>>>>>>>>>>>
20:40:59   binary cross entropy: 0.150349
20:41:10   >>>>>>>>>>>>>>>>>>>>>>>>>>>>>>
20:41:11   binary cross entropy: 0.025084
20:41:22   >>>>>>>>>>>>>>>>>>>>>>>>>>>>>>
20:41:22   binary cross entropy: 0.0662981
20:41:33   >>>>>>>>>>>>>>>>>>>>>>>>>>>>>>
20:41:34   binary cross entropy: 0.018335
20:41:45   >>>>>>>>>>>>>>>>>>>>>>>>>>>>>>
20:41:45   binary cross entropy: 0.0799377
20:41:56   >>>>>>>>>>>>>>>>>>>>>>>>>>>>>>
20:41:57   binary cross entropy: 0.0848671
20:42:08   >>>>>>>>>>>>>>>>>>>>>>>>>>>>>>
20:42:08   binary cross entropy: 0.0600996
20:42:19   >>>>>>>>>>>>>>>>>>>>>>>>>>>>>>
20:42:20   binary cross entropy: 0.132144
20:42:31   >>>>>>>>>>>>>>>>>>>>>>>>>>>>>>
20:42:31   binary cross entropy: 0.0932756
20:42:42   >>>>>>>>>>>>>>>>>>>>>>>>>>>>>>
20:42:43   binary cross entropy: 0.0313827
20:42:54   >>>>>>>>>>>>>>>>>>>>>>>>>>>>>>
20:42:54   binary cross entropy: 0.0182105
20:43:05   >>>>>>>>>>>>>>>>>>>>>>>>>>>>>>
20:43:06   binary cross entropy: 0.0144895
20:43:17   >>>>>>>>>>>>>>>>>>>>>>>>>>>>>>
20:43:17   binary cross entropy: 0.379698
20:43:28   >>>>>>>>>>>>>>>>>>>>>>>>>>>>>>
20:43:29   binary cross entropy: 0.0768868
20:43:40   >>>>>>>>>>>>>>>>>>>>>>>>>>>>>>
20:43:40   Epoch 4 end
20:43:40   duration: 4.91 mins
20:43:40   speed: 1.70 batch / sec
20:43:40   ETA: 0.00 secs
20:43:40   max GPU memory: 19456.1 MiB
20:43:40   ------------------------------
20:43:40   average binary cross entropy: 0.127583
20:43:40   Save checkpoint to model_epoch_5.pth
20:43:41   >>>>>>>>>>>>>>>>>>>>>>>>>>>>>>
20:43:41   Evaluate on valid
20:44:45   ------------------------------
20:44:45   hits@1: 0.202
20:44:45   hits@10: 0.476
20:44:45   hits@3: 0.3315
20:44:45   mr: 139.43
20:44:45   mrr: 0.295735
20:44:45   >>>>>>>>>>>>>>>>>>>>>>>>>>>>>>
20:44:45   Epoch 5 begin
20:44:45   >>>>>>>>>>>>>>>>>>>>>>>>>>>>>>
20:44:45   binary cross entropy: 0.060188
20:44:56   >>>>>>>>>>>>>>>>>>>>>>>>>>>>>>
20:44:57   binary cross entropy: 0.13303
20:45:08   >>>>>>>>>>>>>>>>>>>>>>>>>>>>>>
20:45:08   binary cross entropy: 0.257875
20:45:19   >>>>>>>>>>>>>>>>>>>>>>>>>>>>>>
20:45:20   binary cross entropy: 0.0645782
20:45:31   >>>>>>>>>>>>>>>>>>>>>>>>>>>>>>
20:45:31   binary cross entropy: 0.317132
20:45:42   >>>>>>>>>>>>>>>>>>>>>>>>>>>>>>
20:45:43   binary cross entropy: 0.330075
20:45:54   >>>>>>>>>>>>>>>>>>>>>>>>>>>>>>
20:45:54   binary cross entropy: 0.0652535
20:46:05   >>>>>>>>>>>>>>>>>>>>>>>>>>>>>>
20:46:06   binary cross entropy: 0.00478435
20:46:17   >>>>>>>>>>>>>>>>>>>>>>>>>>>>>>
20:46:17   binary cross entropy: 0.0522106
20:46:28   >>>>>>>>>>>>>>>>>>>>>>>>>>>>>>
20:46:28   binary cross entropy: 0.0250518
20:46:40   >>>>>>>>>>>>>>>>>>>>>>>>>>>>>>
20:46:40   binary cross entropy: 0.129208
20:46:51   >>>>>>>>>>>>>>>>>>>>>>>>>>>>>>
20:46:51   binary cross entropy: 0.0407717
20:47:03   >>>>>>>>>>>>>>>>>>>>>>>>>>>>>>
20:47:03   binary cross entropy: 0.0284549
20:47:14   >>>>>>>>>>>>>>>>>>>>>>>>>>>>>>
20:47:14   binary cross entropy: 0.0753868
20:47:26   >>>>>>>>>>>>>>>>>>>>>>>>>>>>>>
20:47:26   binary cross entropy: 0.12462
20:47:37   >>>>>>>>>>>>>>>>>>>>>>>>>>>>>>
20:47:37   binary cross entropy: 0.135839
20:47:48   >>>>>>>>>>>>>>>>>>>>>>>>>>>>>>
20:47:49   binary cross entropy: 0.0203834
20:48:00   >>>>>>>>>>>>>>>>>>>>>>>>>>>>>>
20:48:00   binary cross entropy: 0.111669
20:48:11   >>>>>>>>>>>>>>>>>>>>>>>>>>>>>>
20:48:12   binary cross entropy: 0.0404051
20:48:23   >>>>>>>>>>>>>>>>>>>>>>>>>>>>>>
20:48:23   binary cross entropy: 0.0291449
20:48:34   >>>>>>>>>>>>>>>>>>>>>>>>>>>>>>
20:48:34   Epoch 5 end
20:48:34   duration: 4.91 mins
20:48:34   speed: 1.70 batch / sec
20:48:34   ETA: 0.00 secs
20:48:34   max GPU memory: 19456.1 MiB
20:48:34   ------------------------------
20:48:34   average binary cross entropy: 0.119629
20:48:34   Save checkpoint to model_epoch_6.pth
20:48:36   >>>>>>>>>>>>>>>>>>>>>>>>>>>>>>
20:48:36   Evaluate on valid
20:49:39   ------------------------------
20:49:39   hits@1: 0.246
20:49:39   hits@10: 0.545
20:49:39   hits@3: 0.383
20:49:39   mr: 109.692
20:49:39   mrr: 0.346337
20:49:39   >>>>>>>>>>>>>>>>>>>>>>>>>>>>>>
20:49:39   Epoch 6 begin
20:49:39   >>>>>>>>>>>>>>>>>>>>>>>>>>>>>>
20:49:40   binary cross entropy: 0.022363
20:49:51   >>>>>>>>>>>>>>>>>>>>>>>>>>>>>>
20:49:51   binary cross entropy: 0.211053
20:50:02   >>>>>>>>>>>>>>>>>>>>>>>>>>>>>>
20:50:03   binary cross entropy: 0.0163576
20:50:14   >>>>>>>>>>>>>>>>>>>>>>>>>>>>>>
20:50:14   binary cross entropy: 0.627896
20:50:25   >>>>>>>>>>>>>>>>>>>>>>>>>>>>>>
20:50:25   binary cross entropy: 0.00832431
20:50:37   >>>>>>>>>>>>>>>>>>>>>>>>>>>>>>
20:50:37   binary cross entropy: 0.024717
20:50:48   >>>>>>>>>>>>>>>>>>>>>>>>>>>>>>
20:50:48   binary cross entropy: 0.130904
20:51:00   >>>>>>>>>>>>>>>>>>>>>>>>>>>>>>
20:51:00   binary cross entropy: 0.240669
20:51:11   >>>>>>>>>>>>>>>>>>>>>>>>>>>>>>
20:51:11   binary cross entropy: 0.138253
20:51:23   >>>>>>>>>>>>>>>>>>>>>>>>>>>>>>
20:51:23   binary cross entropy: 0.0128007
20:51:34   >>>>>>>>>>>>>>>>>>>>>>>>>>>>>>
20:51:34   binary cross entropy: 0.337181
20:51:45   >>>>>>>>>>>>>>>>>>>>>>>>>>>>>>
20:51:46   binary cross entropy: 0.0582867
20:51:57   >>>>>>>>>>>>>>>>>>>>>>>>>>>>>>
20:51:57   binary cross entropy: 0.0495783
20:52:08   >>>>>>>>>>>>>>>>>>>>>>>>>>>>>>
20:52:09   binary cross entropy: 0.114752
20:52:20   >>>>>>>>>>>>>>>>>>>>>>>>>>>>>>
20:52:20   binary cross entropy: 0.027142
20:52:31   >>>>>>>>>>>>>>>>>>>>>>>>>>>>>>
20:52:32   binary cross entropy: 0.0333298
20:52:43   >>>>>>>>>>>>>>>>>>>>>>>>>>>>>>
20:52:43   binary cross entropy: 0.0770693
20:52:54   >>>>>>>>>>>>>>>>>>>>>>>>>>>>>>
20:52:55   binary cross entropy: 0.215627
20:53:06   >>>>>>>>>>>>>>>>>>>>>>>>>>>>>>
20:53:06   binary cross entropy: 0.0245761
20:53:17   >>>>>>>>>>>>>>>>>>>>>>>>>>>>>>
20:53:18   binary cross entropy: 0.00810057
20:53:29   >>>>>>>>>>>>>>>>>>>>>>>>>>>>>>
20:53:29   Epoch 6 end
20:53:29   duration: 4.91 mins
20:53:29   speed: 1.70 batch / sec
20:53:29   ETA: 0.00 secs
20:53:29   max GPU memory: 19456.1 MiB
20:53:29   ------------------------------
20:53:29   average binary cross entropy: 0.111572
20:53:29   Save checkpoint to model_epoch_7.pth
20:53:30   >>>>>>>>>>>>>>>>>>>>>>>>>>>>>>
20:53:30   Evaluate on valid
20:54:34   ------------------------------
20:54:34   hits@1: 0.264
20:54:34   hits@10: 0.5595
20:54:34   hits@3: 0.4005
20:54:34   mr: 93.251
20:54:34   mrr: 0.363357
20:54:34   >>>>>>>>>>>>>>>>>>>>>>>>>>>>>>
20:54:34   Epoch 7 begin
20:54:34   >>>>>>>>>>>>>>>>>>>>>>>>>>>>>>
20:54:34   binary cross entropy: 0.112839
20:54:45   >>>>>>>>>>>>>>>>>>>>>>>>>>>>>>
20:54:46   binary cross entropy: 0.660955
20:54:57   >>>>>>>>>>>>>>>>>>>>>>>>>>>>>>
20:54:57   binary cross entropy: 0.0301246
20:55:08   >>>>>>>>>>>>>>>>>>>>>>>>>>>>>>
20:55:09   binary cross entropy: 0.0106599
20:55:20   >>>>>>>>>>>>>>>>>>>>>>>>>>>>>>
20:55:20   binary cross entropy: 0.0385363
20:55:31   >>>>>>>>>>>>>>>>>>>>>>>>>>>>>>
20:55:31   binary cross entropy: 0.523676
20:55:43   >>>>>>>>>>>>>>>>>>>>>>>>>>>>>>
20:55:43   binary cross entropy: 0.0199297
20:55:54   >>>>>>>>>>>>>>>>>>>>>>>>>>>>>>
20:55:54   binary cross entropy: 0.0634518
20:56:06   >>>>>>>>>>>>>>>>>>>>>>>>>>>>>>
20:56:06   binary cross entropy: 0.0323186
20:56:17   >>>>>>>>>>>>>>>>>>>>>>>>>>>>>>
20:56:17   binary cross entropy: 0.244085
20:56:29   >>>>>>>>>>>>>>>>>>>>>>>>>>>>>>
20:56:29   binary cross entropy: 0.0918133
20:56:40   >>>>>>>>>>>>>>>>>>>>>>>>>>>>>>
20:56:40   binary cross entropy: 0.0141054
20:56:52   >>>>>>>>>>>>>>>>>>>>>>>>>>>>>>
20:56:52   binary cross entropy: 0.0072517
20:57:03   >>>>>>>>>>>>>>>>>>>>>>>>>>>>>>
20:57:03   binary cross entropy: 0.033127
20:57:14   >>>>>>>>>>>>>>>>>>>>>>>>>>>>>>
20:57:15   binary cross entropy: 0.0267593
20:57:26   >>>>>>>>>>>>>>>>>>>>>>>>>>>>>>
20:57:26   binary cross entropy: 0.0285365
20:57:37   >>>>>>>>>>>>>>>>>>>>>>>>>>>>>>
20:57:38   binary cross entropy: 0.147725
20:57:49   >>>>>>>>>>>>>>>>>>>>>>>>>>>>>>
20:57:49   binary cross entropy: 0.10226
20:58:00   >>>>>>>>>>>>>>>>>>>>>>>>>>>>>>
20:58:01   binary cross entropy: 0.280385
20:58:12   >>>>>>>>>>>>>>>>>>>>>>>>>>>>>>
20:58:12   binary cross entropy: 0.0504214
20:58:23   >>>>>>>>>>>>>>>>>>>>>>>>>>>>>>
20:58:23   Epoch 7 end
20:58:23   duration: 4.91 mins
20:58:23   speed: 1.70 batch / sec
20:58:23   ETA: 0.00 secs
20:58:23   max GPU memory: 19456.1 MiB
20:58:23   ------------------------------
20:58:23   average binary cross entropy: 0.0906383
20:58:23   Save checkpoint to model_epoch_8.pth
20:58:25   >>>>>>>>>>>>>>>>>>>>>>>>>>>>>>
20:58:25   Evaluate on valid
20:59:28   ------------------------------
20:59:28   hits@1: 0.273
20:59:28   hits@10: 0.5795
20:59:28   hits@3: 0.4165
20:59:28   mr: 83.559
20:59:28   mrr: 0.376289
20:59:28   >>>>>>>>>>>>>>>>>>>>>>>>>>>>>>
20:59:28   Epoch 8 begin
20:59:28   >>>>>>>>>>>>>>>>>>>>>>>>>>>>>>
20:59:29   binary cross entropy: 0.0113411
20:59:40   >>>>>>>>>>>>>>>>>>>>>>>>>>>>>>
20:59:40   binary cross entropy: 0.0462145
20:59:51   >>>>>>>>>>>>>>>>>>>>>>>>>>>>>>
20:59:52   binary cross entropy: 0.19812
21:00:03   >>>>>>>>>>>>>>>>>>>>>>>>>>>>>>
21:00:03   binary cross entropy: 0.475699
21:00:14   >>>>>>>>>>>>>>>>>>>>>>>>>>>>>>
21:00:15   binary cross entropy: 0.103559
21:00:26   >>>>>>>>>>>>>>>>>>>>>>>>>>>>>>
21:00:26   binary cross entropy: 0.00397412
21:00:37   >>>>>>>>>>>>>>>>>>>>>>>>>>>>>>
21:00:37   binary cross entropy: 0.0115309
21:00:49   >>>>>>>>>>>>>>>>>>>>>>>>>>>>>>
21:00:49   binary cross entropy: 0.222014
21:01:00   >>>>>>>>>>>>>>>>>>>>>>>>>>>>>>
21:01:00   binary cross entropy: 0.0300285
21:01:12   >>>>>>>>>>>>>>>>>>>>>>>>>>>>>>
21:01:12   binary cross entropy: 0.0873791
21:01:23   >>>>>>>>>>>>>>>>>>>>>>>>>>>>>>
21:01:23   binary cross entropy: 0.0380056
21:01:35   >>>>>>>>>>>>>>>>>>>>>>>>>>>>>>
21:01:35   binary cross entropy: 0.0682383
21:01:46   >>>>>>>>>>>>>>>>>>>>>>>>>>>>>>
21:01:46   binary cross entropy: 0.811393
21:01:58   >>>>>>>>>>>>>>>>>>>>>>>>>>>>>>
21:01:58   binary cross entropy: 0.0395642
21:02:09   >>>>>>>>>>>>>>>>>>>>>>>>>>>>>>
21:02:09   binary cross entropy: 0.110663
21:02:20   >>>>>>>>>>>>>>>>>>>>>>>>>>>>>>
21:02:21   binary cross entropy: 0.00664952
21:02:32   >>>>>>>>>>>>>>>>>>>>>>>>>>>>>>
21:02:32   binary cross entropy: 0.260715
21:02:43   >>>>>>>>>>>>>>>>>>>>>>>>>>>>>>
21:02:44   binary cross entropy: 0.0130298
21:02:55   >>>>>>>>>>>>>>>>>>>>>>>>>>>>>>
21:02:55   binary cross entropy: 0.106963
21:03:06   >>>>>>>>>>>>>>>>>>>>>>>>>>>>>>
21:03:07   binary cross entropy: 0.0724125
21:03:18   >>>>>>>>>>>>>>>>>>>>>>>>>>>>>>
21:03:18   Epoch 8 end
21:03:18   duration: 4.91 mins
21:03:18   speed: 1.70 batch / sec
21:03:18   ETA: 0.00 secs
21:03:18   max GPU memory: 19456.1 MiB
21:03:18   ------------------------------
21:03:18   average binary cross entropy: 0.0970309
21:03:18   Save checkpoint to model_epoch_9.pth
21:03:19   >>>>>>>>>>>>>>>>>>>>>>>>>>>>>>
21:03:19   Evaluate on valid
21:04:23   ------------------------------
21:04:23   hits@1: 0.278
21:04:23   hits@10: 0.5815
21:04:23   hits@3: 0.4195
21:04:23   mr: 78.1755
21:04:23   mrr: 0.38057
21:04:23   >>>>>>>>>>>>>>>>>>>>>>>>>>>>>>
21:04:23   Epoch 9 begin
21:04:23   >>>>>>>>>>>>>>>>>>>>>>>>>>>>>>
21:04:23   binary cross entropy: 0.360733
21:04:35   >>>>>>>>>>>>>>>>>>>>>>>>>>>>>>
21:04:35   binary cross entropy: 0.207232
21:04:46   >>>>>>>>>>>>>>>>>>>>>>>>>>>>>>
21:04:46   binary cross entropy: 0.119088
21:04:58   >>>>>>>>>>>>>>>>>>>>>>>>>>>>>>
21:04:58   binary cross entropy: 0.00417637
21:05:09   >>>>>>>>>>>>>>>>>>>>>>>>>>>>>>
21:05:09   binary cross entropy: 0.20776
21:05:20   >>>>>>>>>>>>>>>>>>>>>>>>>>>>>>
21:05:21   binary cross entropy: 0.0885928
21:05:32   >>>>>>>>>>>>>>>>>>>>>>>>>>>>>>
21:05:32   binary cross entropy: 0.0298379
21:05:43   >>>>>>>>>>>>>>>>>>>>>>>>>>>>>>
21:05:44   binary cross entropy: 0.0598907
21:05:55   >>>>>>>>>>>>>>>>>>>>>>>>>>>>>>
21:05:55   binary cross entropy: 0.0262158
21:06:06   >>>>>>>>>>>>>>>>>>>>>>>>>>>>>>
21:06:07   binary cross entropy: 0.116848
21:06:18   >>>>>>>>>>>>>>>>>>>>>>>>>>>>>>
21:06:18   binary cross entropy: 0.0177562
21:06:29   >>>>>>>>>>>>>>>>>>>>>>>>>>>>>>
21:06:30   binary cross entropy: 0.0416916
21:06:41   >>>>>>>>>>>>>>>>>>>>>>>>>>>>>>
21:06:41   binary cross entropy: 0.689811
21:06:52   >>>>>>>>>>>>>>>>>>>>>>>>>>>>>>
21:06:53   binary cross entropy: 0.0246245
21:07:04   >>>>>>>>>>>>>>>>>>>>>>>>>>>>>>
21:07:04   binary cross entropy: 0.0956861
21:07:15   >>>>>>>>>>>>>>>>>>>>>>>>>>>>>>
21:07:16   binary cross entropy: 0.055516
21:07:27   >>>>>>>>>>>>>>>>>>>>>>>>>>>>>>
21:07:27   binary cross entropy: 0.109252
21:07:38   >>>>>>>>>>>>>>>>>>>>>>>>>>>>>>
21:07:38   binary cross entropy: 0.104593
21:07:50   >>>>>>>>>>>>>>>>>>>>>>>>>>>>>>
21:07:50   binary cross entropy: 0.00270151
21:08:01   >>>>>>>>>>>>>>>>>>>>>>>>>>>>>>
21:08:01   binary cross entropy: 0.0441766
21:08:12   >>>>>>>>>>>>>>>>>>>>>>>>>>>>>>
21:08:12   Epoch 9 end
21:08:12   duration: 4.91 mins
21:08:12   speed: 1.70 batch / sec
21:08:12   ETA: 0.00 secs
21:08:12   max GPU memory: 19456.1 MiB
21:08:12   ------------------------------
21:08:12   average binary cross entropy: 0.0969249
21:08:12   Save checkpoint to model_epoch_10.pth
21:08:14   >>>>>>>>>>>>>>>>>>>>>>>>>>>>>>
21:08:14   Evaluate on valid
21:09:17   ------------------------------
21:09:17   hits@1: 0.294
21:09:17   hits@10: 0.6025
21:09:17   hits@3: 0.445
21:09:17   mr: 77.297
21:09:17   mrr: 0.399617
21:09:17   Load checkpoint from model_epoch_10.pth
21:09:19   >>>>>>>>>>>>>>>>>>>>>>>>>>>>>>
21:09:19   Evaluate on valid
21:10:22   ------------------------------
21:10:22   hits@1: 0.294
21:10:22   hits@10: 0.6025
21:10:22   hits@3: 0.445
21:10:22   mr: 77.297
21:10:22   mrr: 0.399617
21:10:22   >>>>>>>>>>>>>>>>>>>>>>>>>>>>>>
21:10:22   Evaluate on test
21:11:26   ------------------------------
21:11:26   hits@1: 0.288
21:11:26   hits@10: 0.592
21:11:26   hits@3: 0.4365
21:11:26   mr: 64.8345
21:11:26   mrr: 0.391976
