17:57:14   Config file: NBFNet/config/knowledge_graph/rdkg_baseline.yaml
17:57:14   {'dataset': {'class': 'RDKG',
             'path': '/nfs/stak/users/hodgesf/data/splits_human'},
 'engine': {'batch_size': 4, 'gpus': [0], 'log_interval': 25},
 'fast_test': 1000,
 'metric': 'mrr',
 'optimizer': {'class': 'Adam', 'lr': 0.0005},
 'output_dir': '~/experiments/',
 'task': {'adversarial_temperature': 1,
          'class': 'KnowledgeGraphCompletion',
          'criterion': 'bce',
          'full_batch_eval': True,
          'model': {'aggregate_func': 'sum',
                    'class': 'NBFNet',
                    'dependent': False,
                    'hidden_dims': [32, 32, 32, 32, 32, 32],
                    'input_dim': 32,
                    'layer_norm': True,
                    'message_func': 'distmult',
                    'short_cut': True},
          'num_negative': 32,
          'sample_weight': False,
          'strict_negative': True},
 'train': {'batch_per_epoch': 250, 'num_epoch': 4}}
17:57:25   RDKG(
  #entity: 855997
  #relation: 25
  #triplet: 2723762
)
17:57:25   #train: 275217, #valid: 33862, #test: 33880
17:57:25   Quick test mode on. Only evaluate on 1000 samples for valid / test.
17:57:25   Preprocess training set
17:57:26   {'batch_size': 4,
 'class': 'core.Engine',
 'gpus': [0],
 'gradient_interval': 1,
 'log_interval': 25,
 'logger': 'logging',
 'num_worker': 0,
 'optimizer': {'amsgrad': False,
               'betas': (0.9, 0.999),
               'capturable': False,
               'class': 'optim.Adam',
               'differentiable': False,
               'eps': 1e-08,
               'foreach': None,
               'fused': None,
               'lr': 0.0005,
               'maximize': False,
               'weight_decay': 0},
 'scheduler': None,
 'task': {'adversarial_temperature': 1,
          'class': 'tasks.KnowledgeGraphCompletion',
          'criterion': 'bce',
          'fact_ratio': None,
          'filtered_ranking': True,
          'full_batch_eval': True,
          'margin': 6,
          'metric': ('mr', 'mrr', 'hits@1', 'hits@3', 'hits@10'),
          'model': {'activation': 'relu',
                    'aggregate_func': 'sum',
                    'class': 'model.NBFNet',
                    'concat_hidden': False,
                    'dependent': False,
                    'hidden_dims': [32, 32, 32, 32, 32, 32],
                    'input_dim': 32,
                    'layer_norm': True,
                    'message_func': 'distmult',
                    'num_beam': 10,
                    'num_mlp_layer': 2,
                    'num_relation': tensor(25),
                    'path_topk': 10,
                    'remove_one_hop': False,
                    'short_cut': True,
                    'symmetric': False},
          'num_negative': 32,
          'sample_weight': False,
          'strict_negative': True},
 'test_set': {'class': 'dataset.Subset',
              'dataset': {'class': 'dataset.Subset',
                          'dataset': {'class': 'datasets.RDKG',
                                      'path': '/nfs/stak/users/hodgesf/data/splits_human',
                                      'verbose': 1},
                          'indices': range(2689882, 2723762)},
              'indices': [2161, 19356, 20768, ..., 1911, 5265, 10364]},
 'train_set': {'class': 'dataset.Subset',
               'dataset': {'class': 'datasets.RDKG',
                           'path': '/nfs/stak/users/hodgesf/data/splits_human',
                           'verbose': 1},
               'indices': [1522608, 1329446, 1384467, ..., 2474824, 2474825,
                           2474826]},
 'valid_set': {'class': 'dataset.Subset',
               'dataset': {'class': 'dataset.Subset',
                           'dataset': {'class': 'datasets.RDKG',
                                       'path': '/nfs/stak/users/hodgesf/data/splits_human',
                                       'verbose': 1},
                           'indices': range(2656020, 2689882)},
               'indices': [15505, 8898, 12623, ..., 21654, 29890, 24828]}}
17:57:26   >>>>>>>>>>>>>>>>>>>>>>>>>>>>>>
17:57:26   Epoch 0 begin
17:57:28   >>>>>>>>>>>>>>>>>>>>>>>>>>>>>>
17:57:28   binary cross entropy: 0.721343
17:57:39   >>>>>>>>>>>>>>>>>>>>>>>>>>>>>>
17:57:40   binary cross entropy: 0.251604
17:57:51   >>>>>>>>>>>>>>>>>>>>>>>>>>>>>>
17:57:52   binary cross entropy: 0.299225
17:58:03   >>>>>>>>>>>>>>>>>>>>>>>>>>>>>>
17:58:03   binary cross entropy: 0.241491
17:58:15   >>>>>>>>>>>>>>>>>>>>>>>>>>>>>>
17:58:15   binary cross entropy: 0.162084
17:58:27   >>>>>>>>>>>>>>>>>>>>>>>>>>>>>>
17:58:27   binary cross entropy: 0.277924
17:58:38   >>>>>>>>>>>>>>>>>>>>>>>>>>>>>>
17:58:39   binary cross entropy: 0.31196
17:58:50   >>>>>>>>>>>>>>>>>>>>>>>>>>>>>>
17:58:50   binary cross entropy: 0.20472
17:59:02   >>>>>>>>>>>>>>>>>>>>>>>>>>>>>>
17:59:02   binary cross entropy: 0.138781
17:59:14   >>>>>>>>>>>>>>>>>>>>>>>>>>>>>>
17:59:14   binary cross entropy: 0.440929
17:59:25   >>>>>>>>>>>>>>>>>>>>>>>>>>>>>>
17:59:25   Epoch 0 end
17:59:25   duration: 2.01 mins
17:59:25   speed: 2.07 batch / sec
17:59:25   ETA: 0.00 secs
17:59:25   max GPU memory: 19298.3 MiB
17:59:25   ------------------------------
17:59:25   average binary cross entropy: 0.328219
17:59:25   Save checkpoint to model_epoch_1.pth
17:59:27   >>>>>>>>>>>>>>>>>>>>>>>>>>>>>>
17:59:27   Evaluate on valid
18:00:35   ------------------------------
18:00:35   hits@1: 0.055
18:00:35   hits@10: 0.1515
18:00:35   hits@3: 0.0875
18:00:35   mr: 921.497
18:00:35   mrr: 0.0892775
18:00:35   >>>>>>>>>>>>>>>>>>>>>>>>>>>>>>
18:00:35   Epoch 1 begin
18:00:35   >>>>>>>>>>>>>>>>>>>>>>>>>>>>>>
18:00:36   binary cross entropy: 0.321684
18:00:47   >>>>>>>>>>>>>>>>>>>>>>>>>>>>>>
18:00:48   binary cross entropy: 0.274386
18:00:59   >>>>>>>>>>>>>>>>>>>>>>>>>>>>>>
18:00:59   binary cross entropy: 0.203068
18:01:11   >>>>>>>>>>>>>>>>>>>>>>>>>>>>>>
18:01:11   binary cross entropy: 0.391045
18:01:23   >>>>>>>>>>>>>>>>>>>>>>>>>>>>>>
18:01:23   binary cross entropy: 0.0996314
18:01:34   >>>>>>>>>>>>>>>>>>>>>>>>>>>>>>
18:01:35   binary cross entropy: 0.0457071
18:01:46   >>>>>>>>>>>>>>>>>>>>>>>>>>>>>>
18:01:46   binary cross entropy: 0.102538
18:01:58   >>>>>>>>>>>>>>>>>>>>>>>>>>>>>>
18:01:58   binary cross entropy: 0.196502
18:02:10   >>>>>>>>>>>>>>>>>>>>>>>>>>>>>>
18:02:10   binary cross entropy: 0.583847
18:02:22   >>>>>>>>>>>>>>>>>>>>>>>>>>>>>>
18:02:22   binary cross entropy: 0.353182
18:02:33   >>>>>>>>>>>>>>>>>>>>>>>>>>>>>>
18:02:33   Epoch 1 end
18:02:33   duration: 3.13 mins
18:02:33   speed: 1.33 batch / sec
18:02:33   ETA: 0.00 secs
18:02:33   max GPU memory: 19446.2 MiB
18:02:33   ------------------------------
18:02:33   average binary cross entropy: 0.24431
18:02:33   Save checkpoint to model_epoch_2.pth
18:02:35   >>>>>>>>>>>>>>>>>>>>>>>>>>>>>>
18:02:35   Evaluate on valid
18:03:43   ------------------------------
18:03:43   hits@1: 0.1185
18:03:43   hits@10: 0.3095
18:03:43   hits@3: 0.2135
18:03:43   mr: 608.086
18:03:43   mrr: 0.1834
18:03:43   >>>>>>>>>>>>>>>>>>>>>>>>>>>>>>
18:03:43   Epoch 2 begin
18:03:43   >>>>>>>>>>>>>>>>>>>>>>>>>>>>>>
18:03:43   binary cross entropy: 0.427471
18:03:55   >>>>>>>>>>>>>>>>>>>>>>>>>>>>>>
18:03:55   binary cross entropy: 0.0906061
18:04:07   >>>>>>>>>>>>>>>>>>>>>>>>>>>>>>
18:04:07   binary cross entropy: 0.209506
18:04:19   >>>>>>>>>>>>>>>>>>>>>>>>>>>>>>
18:04:19   binary cross entropy: 0.0996049
18:04:30   >>>>>>>>>>>>>>>>>>>>>>>>>>>>>>
18:04:31   binary cross entropy: 0.0622905
18:04:42   >>>>>>>>>>>>>>>>>>>>>>>>>>>>>>
18:04:43   binary cross entropy: 0.153534
18:04:54   >>>>>>>>>>>>>>>>>>>>>>>>>>>>>>
18:04:54   binary cross entropy: 0.172783
18:05:06   >>>>>>>>>>>>>>>>>>>>>>>>>>>>>>
18:05:06   binary cross entropy: 0.0771477
18:05:18   >>>>>>>>>>>>>>>>>>>>>>>>>>>>>>
18:05:18   binary cross entropy: 0.176662
18:05:29   >>>>>>>>>>>>>>>>>>>>>>>>>>>>>>
18:05:30   binary cross entropy: 0.466606
18:05:41   >>>>>>>>>>>>>>>>>>>>>>>>>>>>>>
18:05:41   Epoch 2 end
18:05:41   duration: 3.13 mins
18:05:41   speed: 1.33 batch / sec
18:05:41   ETA: 0.00 secs
18:05:41   max GPU memory: 19446.2 MiB
18:05:41   ------------------------------
18:05:41   average binary cross entropy: 0.230967
18:05:41   Save checkpoint to model_epoch_3.pth
18:05:43   >>>>>>>>>>>>>>>>>>>>>>>>>>>>>>
18:05:43   Evaluate on valid
18:06:49   ------------------------------
18:06:49   hits@1: 0.1895
18:06:49   hits@10: 0.4435
18:06:49   hits@3: 0.3045
18:06:49   mr: 333.426
18:06:49   mrr: 0.274398
18:06:49   >>>>>>>>>>>>>>>>>>>>>>>>>>>>>>
18:06:49   Epoch 3 begin
18:06:49   >>>>>>>>>>>>>>>>>>>>>>>>>>>>>>
18:06:50   binary cross entropy: 0.104366
18:07:01   >>>>>>>>>>>>>>>>>>>>>>>>>>>>>>
18:07:02   binary cross entropy: 0.0267262
18:07:13   >>>>>>>>>>>>>>>>>>>>>>>>>>>>>>
18:07:13   binary cross entropy: 0.186489
18:07:25   >>>>>>>>>>>>>>>>>>>>>>>>>>>>>>
18:07:25   binary cross entropy: 0.0454751
18:07:37   >>>>>>>>>>>>>>>>>>>>>>>>>>>>>>
18:07:37   binary cross entropy: 0.240959
18:07:48   >>>>>>>>>>>>>>>>>>>>>>>>>>>>>>
18:07:49   binary cross entropy: 0.0938896
18:08:00   >>>>>>>>>>>>>>>>>>>>>>>>>>>>>>
18:08:01   binary cross entropy: 0.927744
18:08:12   >>>>>>>>>>>>>>>>>>>>>>>>>>>>>>
18:08:12   binary cross entropy: 0.0457642
18:08:24   >>>>>>>>>>>>>>>>>>>>>>>>>>>>>>
18:08:24   binary cross entropy: 0.329683
18:08:36   >>>>>>>>>>>>>>>>>>>>>>>>>>>>>>
18:08:36   binary cross entropy: 0.0345668
18:08:47   >>>>>>>>>>>>>>>>>>>>>>>>>>>>>>
18:08:47   Epoch 3 end
18:08:47   duration: 3.10 mins
18:08:47   speed: 1.34 batch / sec
18:08:47   ETA: 0.00 secs
18:08:47   max GPU memory: 19446.2 MiB
18:08:47   ------------------------------
18:08:47   average binary cross entropy: 0.184804
18:08:47   Save checkpoint to model_epoch_4.pth
18:08:49   >>>>>>>>>>>>>>>>>>>>>>>>>>>>>>
18:08:49   Evaluate on valid
18:09:56   ------------------------------
18:09:56   hits@1: 0.1485
18:09:56   hits@10: 0.3935
18:09:56   hits@3: 0.2545
18:09:56   mr: 302.135
18:09:56   mrr: 0.232388
18:09:56   Load checkpoint from model_epoch_3.pth
18:09:56   >>>>>>>>>>>>>>>>>>>>>>>>>>>>>>
18:09:56   Evaluate on valid
18:11:03   ------------------------------
18:11:03   hits@1: 0.1895
18:11:03   hits@10: 0.4435
18:11:03   hits@3: 0.3045
18:11:03   mr: 333.426
18:11:03   mrr: 0.274398
18:11:03   >>>>>>>>>>>>>>>>>>>>>>>>>>>>>>
18:11:03   Evaluate on test
18:12:09   ------------------------------
18:12:09   hits@1: 0.1915
18:12:09   hits@10: 0.435
18:12:09   hits@3: 0.301
18:12:09   mr: 332.525
18:12:09   mrr: 0.274857
