22:28:37   Config file: NBFNet/config/knowledge_graph/rdkg_masked_eta1e4.yaml
22:28:37   {'dataset': {'class': 'RDKG',
             'path': '/nfs/stak/users/hodgesf/data/splits_human'},
 'engine': {'batch_size': 4, 'gpus': [0], 'log_interval': 10},
 'fast_test': 1000,
 'metric': 'mrr',
 'optimizer': {'class': 'Adam', 'lr': 0.0005},
 'output_dir': '~/experiments/',
 'scheduler': {'T_max': 10, 'class': 'CosineAnnealingLR', 'eta_min': 0.0001},
 'task': {'adversarial_temperature': 1,
          'class': 'KnowledgeGraphCompletion',
          'criterion': 'bce',
          'full_batch_eval': True,
          'model': {'aggregate_func': 'sum',
                    'audit': True,
                    'class': 'MaskedNBFNet',
                    'dependent': False,
                    'hidden_dims': [32, 32, 32, 32, 32, 32],
                    'input_dim': 32,
                    'lambda_l1': 1e-08,
                    'layer_norm': True,
                    'message_func': 'distmult',
                    'selector_dim': 32,
                    'short_cut': True},
          'num_negative': 32,
          'sample_weight': False,
          'strict_negative': True},
 'train': {'batch_per_epoch': 500, 'num_epoch': 10}}
22:28:48   RDKG(
  #entity: 855997
  #relation: 25
  #triplet: 2723762
)
22:28:48   #train: 275217, #valid: 33862, #test: 33880
22:28:48   Quick test mode on. Only evaluate on 1000 samples for valid / test.
22:28:49   Preprocess training set
22:28:50   {'batch_size': 4,
 'class': 'core.Engine',
 'gpus': [0],
 'gradient_interval': 1,
 'log_interval': 10,
 'logger': 'logging',
 'num_worker': 0,
 'optimizer': {'amsgrad': False,
               'betas': (0.9, 0.999),
               'capturable': False,
               'class': 'optim.Adam',
               'differentiable': False,
               'eps': 1e-08,
               'foreach': None,
               'fused': None,
               'lr': 0.0005,
               'maximize': False,
               'weight_decay': 0},
 'scheduler': <torch.optim.lr_scheduler.CosineAnnealingLR object at 0x154a7129b1c0>,
 'task': {'adversarial_temperature': 1,
          'class': 'tasks.KnowledgeGraphCompletion',
          'criterion': 'bce',
          'fact_ratio': None,
          'filtered_ranking': True,
          'full_batch_eval': True,
          'margin': 6,
          'metric': ('mr', 'mrr', 'hits@1', 'hits@3', 'hits@10'),
          'model': {'activation': 'relu',
                    'aggregate_func': 'sum',
                    'class': 'model.MaskedNBFNet',
                    'concat_hidden': False,
                    'dependent': False,
                    'hidden_dims': [32, 32, 32, 32, 32, 32],
                    'input_dim': 32,
                    'layer_norm': True,
                    'message_func': 'distmult',
                    'num_beam': 10,
                    'num_mlp_layer': 2,
                    'num_relation': tensor(25),
                    'path_topk': 10,
                    'remove_one_hop': False,
                    'short_cut': True,
                    'symmetric': False},
          'num_negative': 32,
          'sample_weight': False,
          'strict_negative': True},
 'test_set': {'class': 'dataset.Subset',
              'dataset': {'class': 'dataset.Subset',
                          'dataset': {'class': 'datasets.RDKG',
                                      'path': '/nfs/stak/users/hodgesf/data/splits_human',
                                      'verbose': 1},
                          'indices': range(2689882, 2723762)},
              'indices': [2161, 19356, 20768, ..., 1911, 5265, 10364]},
 'train_set': {'class': 'dataset.Subset',
               'dataset': {'class': 'datasets.RDKG',
                           'path': '/nfs/stak/users/hodgesf/data/splits_human',
                           'verbose': 1},
               'indices': [1522608, 1329446, 1384467, ..., 2474824, 2474825,
                           2474826]},
 'valid_set': {'class': 'dataset.Subset',
               'dataset': {'class': 'dataset.Subset',
                           'dataset': {'class': 'datasets.RDKG',
                                       'path': '/nfs/stak/users/hodgesf/data/splits_human',
                                       'verbose': 1},
                           'indices': range(2656020, 2689882)},
               'indices': [15505, 8898, 12623, ..., 21654, 29890, 24828]}}
22:28:50   >>>>>>>>>>>>>>>>>>>>>>>>>>>>>>
22:28:50   Epoch 0 begin
22:29:09   >>>>>>>>>>>>>>>>>>>>>>>>>>>>>>
22:29:09   binary cross entropy: 0.721343
22:29:09   k_used_max: 5.44357e+06
22:29:09   k_used_mean: 5.44357e+06
22:29:09   k_used_min: 5.44357e+06
22:29:09   logit_mean_avg: 0.0505042
22:29:09   mask_density: 1
22:32:08   >>>>>>>>>>>>>>>>>>>>>>>>>>>>>>
22:32:08   binary cross entropy: 0.482939
22:32:08   k_used_max: 4.39717e+06
22:32:08   k_used_mean: 3.90288e+06
22:32:08   k_used_min: 3.11527e+06
22:32:08   logit_mean_avg: 0.00192029
22:32:08   mask_density: 0.716971
22:35:08   >>>>>>>>>>>>>>>>>>>>>>>>>>>>>>
22:35:08   binary cross entropy: 0.298126
22:35:08   k_used_max: 2.24966e+06
22:35:08   k_used_mean: 1.89056e+06
22:35:08   k_used_min: 1.40534e+06
22:35:08   logit_mean_avg: -0.00207584
22:35:08   mask_density: 0.347301
22:38:07   >>>>>>>>>>>>>>>>>>>>>>>>>>>>>>
22:38:07   binary cross entropy: 0.227013
22:38:07   k_used_max: 2.52986e+06
22:38:07   k_used_mean: 2.33648e+06
22:38:07   k_used_min: 2.14439e+06
22:38:07   logit_mean_avg: -0.00121781
22:38:07   mask_density: 0.429219
22:41:06   >>>>>>>>>>>>>>>>>>>>>>>>>>>>>>
22:41:06   binary cross entropy: 0.317246
22:41:06   k_used_max: 3.10626e+06
22:41:06   k_used_mean: 2.67558e+06
22:41:06   k_used_min: 2.40665e+06
22:41:06   logit_mean_avg: 0.000274727
22:41:06   mask_density: 0.491513
22:44:05   >>>>>>>>>>>>>>>>>>>>>>>>>>>>>>
22:44:05   binary cross entropy: 0.236674
22:44:05   k_used_max: 779325
22:44:05   k_used_mean: 472204
22:44:05   k_used_min: 200361
22:44:05   logit_mean_avg: -0.0140875
22:44:05   mask_density: 0.0867454
22:47:05   >>>>>>>>>>>>>>>>>>>>>>>>>>>>>>
22:47:05   binary cross entropy: 0.547837
22:47:05   k_used_max: 1.68148e+06
22:47:05   k_used_mean: 1.40242e+06
22:47:05   k_used_min: 884261
22:47:05   logit_mean_avg: -0.0062684
22:47:05   mask_density: 0.257629
22:50:04   >>>>>>>>>>>>>>>>>>>>>>>>>>>>>>
22:50:04   binary cross entropy: 0.470216
22:50:04   k_used_max: 973917
22:50:04   k_used_mean: 828900
22:50:04   k_used_min: 679175
22:50:04   logit_mean_avg: -0.0130535
22:50:04   mask_density: 0.152272
22:53:03   >>>>>>>>>>>>>>>>>>>>>>>>>>>>>>
22:53:03   binary cross entropy: 0.31455
22:53:03   k_used_max: 736394
22:53:03   k_used_mean: 673641
22:53:03   k_used_min: 574052
22:53:03   logit_mean_avg: -0.0198991
22:53:03   mask_density: 0.12375
22:56:02   >>>>>>>>>>>>>>>>>>>>>>>>>>>>>>
22:56:02   binary cross entropy: 0.207012
22:56:02   k_used_max: 419678
22:56:02   k_used_mean: 351287
22:56:02   k_used_min: 285730
22:56:02   logit_mean_avg: -0.0350128
22:56:02   mask_density: 0.0645326
22:59:02   >>>>>>>>>>>>>>>>>>>>>>>>>>>>>>
22:59:02   binary cross entropy: 0.735762
22:59:02   k_used_max: 211004
22:59:02   k_used_mean: 89070
22:59:02   k_used_min: 197
22:59:02   logit_mean_avg: -0.0725445
22:59:02   mask_density: 0.0163625
23:02:01   >>>>>>>>>>>>>>>>>>>>>>>>>>>>>>
23:02:01   binary cross entropy: 0.433659
23:02:01   k_used_max: 674033
23:02:01   k_used_mean: 584624
23:02:01   k_used_min: 433697
23:02:01   logit_mean_avg: -0.071513
23:02:01   mask_density: 0.107397
23:05:00   >>>>>>>>>>>>>>>>>>>>>>>>>>>>>>
23:05:00   binary cross entropy: 0.326371
23:05:00   k_used_max: 678748
23:05:00   k_used_mean: 677765
23:05:00   k_used_min: 675241
23:05:00   logit_mean_avg: -0.0620901
23:05:00   mask_density: 0.124508
23:08:00   >>>>>>>>>>>>>>>>>>>>>>>>>>>>>>
23:08:00   binary cross entropy: 0.456951
23:08:00   k_used_max: 684131
23:08:00   k_used_mean: 680301
23:08:00   k_used_min: 678699
23:08:00   logit_mean_avg: -0.0574428
23:08:00   mask_density: 0.124974
23:10:59   >>>>>>>>>>>>>>>>>>>>>>>>>>>>>>
23:10:59   binary cross entropy: 0.449682
23:10:59   k_used_max: 680333
23:10:59   k_used_mean: 679136
23:10:59   k_used_min: 678387
23:10:59   logit_mean_avg: -0.0627453
23:10:59   mask_density: 0.12476
23:13:58   >>>>>>>>>>>>>>>>>>>>>>>>>>>>>>
23:13:58   binary cross entropy: 0.289113
23:13:58   k_used_max: 681049
23:13:58   k_used_mean: 675281
23:13:58   k_used_min: 667110
23:13:58   logit_mean_avg: -0.0730851
23:13:58   mask_density: 0.124052
23:16:57   >>>>>>>>>>>>>>>>>>>>>>>>>>>>>>
23:16:57   binary cross entropy: 0.518557
23:16:57   k_used_max: 681873
23:16:57   k_used_mean: 620421
23:16:57   k_used_min: 452564
23:16:57   logit_mean_avg: -0.0877924
23:16:57   mask_density: 0.113973
23:19:57   >>>>>>>>>>>>>>>>>>>>>>>>>>>>>>
23:19:57   binary cross entropy: 0.429903
23:19:57   k_used_max: 680189
23:19:57   k_used_mean: 676091
23:19:57   k_used_min: 673741
23:19:57   logit_mean_avg: -0.0839344
23:19:57   mask_density: 0.1242
23:22:56   >>>>>>>>>>>>>>>>>>>>>>>>>>>>>>
23:22:56   binary cross entropy: 0.392535
23:22:56   k_used_max: 747268
23:22:56   k_used_mean: 690364
23:22:56   k_used_min: 664530
23:22:56   logit_mean_avg: -0.0871966
23:22:56   mask_density: 0.126822
23:25:55   >>>>>>>>>>>>>>>>>>>>>>>>>>>>>>
23:25:55   binary cross entropy: 0.357909
23:25:55   k_used_max: 675436
23:25:55   k_used_mean: 671686
23:25:55   k_used_min: 666577
23:25:55   logit_mean_avg: -0.0996558
23:25:55   mask_density: 0.123391
23:28:54   >>>>>>>>>>>>>>>>>>>>>>>>>>>>>>
23:28:54   binary cross entropy: 0.153598
23:28:54   k_used_max: 680314
23:28:54   k_used_mean: 667327
23:28:54   k_used_min: 653761
23:28:54   logit_mean_avg: -0.105726
23:28:54   mask_density: 0.12259
23:31:54   >>>>>>>>>>>>>>>>>>>>>>>>>>>>>>
23:31:54   binary cross entropy: 0.322094
23:31:54   k_used_max: 681697
23:31:54   k_used_mean: 623720
23:31:54   k_used_min: 468875
23:31:54   logit_mean_avg: -0.119022
23:31:54   mask_density: 0.11458
23:34:54   >>>>>>>>>>>>>>>>>>>>>>>>>>>>>>
23:34:54   binary cross entropy: 0.205631
23:34:54   k_used_max: 679561
23:34:54   k_used_mean: 656012
23:34:54   k_used_min: 615692
23:34:54   logit_mean_avg: -0.130083
23:34:54   mask_density: 0.120511
23:37:53   >>>>>>>>>>>>>>>>>>>>>>>>>>>>>>
23:37:53   binary cross entropy: 0.461753
23:37:53   k_used_max: 644676
23:37:53   k_used_mean: 566346
23:37:53   k_used_min: 452933
23:37:53   logit_mean_avg: -0.163364
23:37:53   mask_density: 0.10404
23:40:52   >>>>>>>>>>>>>>>>>>>>>>>>>>>>>>
23:40:52   binary cross entropy: 0.124483
23:40:52   k_used_max: 593942
23:40:52   k_used_mean: 466609
23:40:52   k_used_min: 333691
23:40:52   logit_mean_avg: -0.195756
23:40:52   mask_density: 0.0857175
23:43:52   >>>>>>>>>>>>>>>>>>>>>>>>>>>>>>
23:43:52   binary cross entropy: 0.246789
23:43:52   k_used_max: 602713
23:43:52   k_used_mean: 525713
23:43:52   k_used_min: 474359
23:43:52   logit_mean_avg: -0.210658
23:43:52   mask_density: 0.0965751
23:46:51   >>>>>>>>>>>>>>>>>>>>>>>>>>>>>>
23:46:51   binary cross entropy: 0.116024
23:46:51   k_used_max: 646726
23:46:51   k_used_mean: 614428
23:46:51   k_used_min: 537494
23:46:51   logit_mean_avg: -0.21136
23:46:51   mask_density: 0.112872
23:49:50   >>>>>>>>>>>>>>>>>>>>>>>>>>>>>>
23:49:50   binary cross entropy: 0.0918942
23:49:50   k_used_max: 648796
23:49:50   k_used_mean: 617200
23:49:50   k_used_min: 594066
23:49:50   logit_mean_avg: -0.227021
23:49:50   mask_density: 0.113382
23:52:49   >>>>>>>>>>>>>>>>>>>>>>>>>>>>>>
23:52:49   binary cross entropy: 0.624943
23:52:49   k_used_max: 638638
23:52:49   k_used_mean: 597240
23:52:49   k_used_min: 544468
23:52:49   logit_mean_avg: -0.247732
23:52:49   mask_density: 0.109715
23:55:49   >>>>>>>>>>>>>>>>>>>>>>>>>>>>>>
23:55:49   binary cross entropy: 0.516733
23:55:49   k_used_max: 661662
23:55:49   k_used_mean: 636568
23:55:49   k_used_min: 602002
23:55:49   logit_mean_avg: -0.238574
23:55:49   mask_density: 0.11694
23:58:48   >>>>>>>>>>>>>>>>>>>>>>>>>>>>>>
23:58:48   binary cross entropy: 0.73452
23:58:48   k_used_max: 667429
23:58:48   k_used_mean: 646546
23:58:48   k_used_min: 620304
23:58:48   logit_mean_avg: -0.246011
23:58:48   mask_density: 0.118773
00:01:47   >>>>>>>>>>>>>>>>>>>>>>>>>>>>>>
00:01:47   binary cross entropy: 0.105189
00:01:47   k_used_max: 667064
00:01:47   k_used_mean: 643394
00:01:47   k_used_min: 619791
00:01:47   logit_mean_avg: -0.262597
00:01:47   mask_density: 0.118194
00:04:47   >>>>>>>>>>>>>>>>>>>>>>>>>>>>>>
00:04:47   binary cross entropy: 0.0910102
00:04:47   k_used_max: 668694
00:04:47   k_used_mean: 641169
00:04:47   k_used_min: 599072
00:04:47   logit_mean_avg: -0.281876
00:04:47   mask_density: 0.117785
00:07:46   >>>>>>>>>>>>>>>>>>>>>>>>>>>>>>
00:07:46   binary cross entropy: 0.3131
00:07:46   k_used_max: 660512
00:07:46   k_used_mean: 603782
00:07:46   k_used_min: 478600
00:07:46   logit_mean_avg: -0.319465
00:07:46   mask_density: 0.110917
00:10:45   >>>>>>>>>>>>>>>>>>>>>>>>>>>>>>
00:10:45   binary cross entropy: 0.0762709
00:10:45   k_used_max: 617334
00:10:45   k_used_mean: 573115
00:10:45   k_used_min: 495403
00:10:45   logit_mean_avg: -0.379153
00:10:45   mask_density: 0.105283
00:13:45   >>>>>>>>>>>>>>>>>>>>>>>>>>>>>>
00:13:45   binary cross entropy: 0.0628135
00:13:45   k_used_max: 609441
00:13:45   k_used_mean: 549399
00:13:45   k_used_min: 454480
00:13:45   logit_mean_avg: -0.437379
00:13:45   mask_density: 0.100926
00:16:44   >>>>>>>>>>>>>>>>>>>>>>>>>>>>>>
00:16:44   binary cross entropy: 0.438099
00:16:44   k_used_max: 666658
00:16:44   k_used_mean: 649619
00:16:44   k_used_min: 628902
00:16:44   logit_mean_avg: -0.456746
00:16:44   mask_density: 0.119337
00:19:43   >>>>>>>>>>>>>>>>>>>>>>>>>>>>>>
00:19:43   binary cross entropy: 0.0873185
00:19:43   k_used_max: 663316
00:19:43   k_used_mean: 652954
00:19:43   k_used_min: 646541
00:19:43   logit_mean_avg: -0.500627
00:19:43   mask_density: 0.11995
00:22:42   >>>>>>>>>>>>>>>>>>>>>>>>>>>>>>
00:22:42   binary cross entropy: 0.0758797
00:22:42   k_used_max: 644547
00:22:42   k_used_mean: 636560
00:22:42   k_used_min: 628002
00:22:42   logit_mean_avg: -0.555466
00:22:42   mask_density: 0.116938
00:25:42   >>>>>>>>>>>>>>>>>>>>>>>>>>>>>>
00:25:42   binary cross entropy: 0.108247
00:25:42   k_used_max: 624364
00:25:42   k_used_mean: 612259
00:25:42   k_used_min: 597850
00:25:42   logit_mean_avg: -0.625906
00:25:42   mask_density: 0.112474
00:28:41   >>>>>>>>>>>>>>>>>>>>>>>>>>>>>>
00:28:41   binary cross entropy: 0.0699809
00:28:41   k_used_max: 619145
00:28:41   k_used_mean: 576913
00:28:41   k_used_min: 552141
00:28:41   logit_mean_avg: -0.713681
00:28:41   mask_density: 0.105981
00:31:41   >>>>>>>>>>>>>>>>>>>>>>>>>>>>>>
00:31:41   binary cross entropy: 0.0942733
00:31:41   k_used_max: 559046
00:31:41   k_used_mean: 529739
00:31:41   k_used_min: 505452
00:31:41   logit_mean_avg: -0.807469
00:31:41   mask_density: 0.0973148
00:34:40   >>>>>>>>>>>>>>>>>>>>>>>>>>>>>>
00:34:40   binary cross entropy: 0.389583
00:34:40   k_used_max: 638466
00:34:40   k_used_mean: 588856
00:34:40   k_used_min: 536153
00:34:40   logit_mean_avg: -0.848054
00:34:40   mask_density: 0.108175
00:37:39   >>>>>>>>>>>>>>>>>>>>>>>>>>>>>>
00:37:39   binary cross entropy: 0.051649
00:37:39   k_used_max: 596950
00:37:39   k_used_mean: 569349
00:37:39   k_used_min: 536303
00:37:39   logit_mean_avg: -0.940978
00:37:39   mask_density: 0.104591
00:40:38   >>>>>>>>>>>>>>>>>>>>>>>>>>>>>>
00:40:38   binary cross entropy: 0.66565
00:40:38   k_used_max: 631965
00:40:38   k_used_mean: 586182
00:40:38   k_used_min: 547318
00:40:38   logit_mean_avg: -0.995992
00:40:38   mask_density: 0.107683
00:43:38   >>>>>>>>>>>>>>>>>>>>>>>>>>>>>>
00:43:38   binary cross entropy: 0.521796
00:43:38   k_used_max: 596106
00:43:38   k_used_mean: 522694
00:43:38   k_used_min: 393808
00:43:38   logit_mean_avg: -1.11367
00:43:38   mask_density: 0.0960205
00:46:37   >>>>>>>>>>>>>>>>>>>>>>>>>>>>>>
00:46:37   binary cross entropy: 0.188332
00:46:37   k_used_max: 629608
00:46:37   k_used_mean: 565356
00:46:37   k_used_min: 521411
00:46:37   logit_mean_avg: -1.19015
00:46:37   mask_density: 0.103858
00:49:36   >>>>>>>>>>>>>>>>>>>>>>>>>>>>>>
00:49:36   binary cross entropy: 0.362381
00:49:36   k_used_max: 583894
00:49:36   k_used_mean: 548270
00:49:36   k_used_min: 504427
00:49:36   logit_mean_avg: -1.31562
00:49:36   mask_density: 0.100719
00:52:36   >>>>>>>>>>>>>>>>>>>>>>>>>>>>>>
00:52:36   binary cross entropy: 0.414188
00:52:36   k_used_max: 546881
00:52:36   k_used_mean: 497308
00:52:36   k_used_min: 467446
00:52:36   logit_mean_avg: -1.48348
00:52:36   mask_density: 0.091357
00:55:35   >>>>>>>>>>>>>>>>>>>>>>>>>>>>>>
00:55:35   binary cross entropy: 0.390101
00:55:35   k_used_max: 532862
00:55:35   k_used_mean: 505314
00:55:35   k_used_min: 459903
00:55:35   logit_mean_avg: -1.6246
00:55:35   mask_density: 0.0928277
00:58:16   >>>>>>>>>>>>>>>>>>>>>>>>>>>>>>
00:58:16   Epoch 0 end
00:58:16   duration: 2.49 hours
00:58:16   speed: 0.06 batch / sec
00:58:16   ETA: 0.00 secs
00:58:16   max GPU memory: 96518.6 MiB
00:58:16   ------------------------------
00:58:16   average binary cross entropy: 0.31949
00:58:16   average k_used_max: 901231
00:58:16   average k_used_mean: 807495
00:58:16   average k_used_min: 712373
00:58:16   average logit_mean_avg: -0.372492
00:58:16   average mask_density: 0.148339
00:58:16   Save checkpoint to model_epoch_1.pth
00:58:21   >>>>>>>>>>>>>>>>>>>>>>>>>>>>>>
00:58:21   Evaluate on valid
01:01:29   ------------------------------
01:01:29   hits@1: 0.0535
01:01:29   hits@10: 0.143
01:01:29   hits@3: 0.0835
01:01:29   mr: 27274.6
01:01:29   mrr: 0.0851813
01:01:29   >>>>>>>>>>>>>>>>>>>>>>>>>>>>>>
01:01:29   Epoch 1 begin
01:01:47   >>>>>>>>>>>>>>>>>>>>>>>>>>>>>>
01:01:47   binary cross entropy: 0.117239
01:01:47   k_used_max: 502803
01:01:47   k_used_mean: 474413
01:01:47   k_used_min: 421063
01:01:47   logit_mean_avg: -1.81889
01:01:47   mask_density: 0.0871511
01:04:46   >>>>>>>>>>>>>>>>>>>>>>>>>>>>>>
01:04:46   binary cross entropy: 0.132363
01:04:46   k_used_max: 569875
01:04:46   k_used_mean: 546015
01:04:46   k_used_min: 517708
01:04:46   logit_mean_avg: -1.84034
01:04:46   mask_density: 0.100305
01:07:46   >>>>>>>>>>>>>>>>>>>>>>>>>>>>>>
01:07:46   binary cross entropy: 0.115642
01:07:46   k_used_max: 585590
01:07:46   k_used_mean: 569357
01:07:46   k_used_min: 559253
01:07:46   logit_mean_avg: -1.93242
01:07:46   mask_density: 0.104593
01:10:45   >>>>>>>>>>>>>>>>>>>>>>>>>>>>>>
01:10:45   binary cross entropy: 0.148803
01:10:45   k_used_max: 575002
01:10:45   k_used_mean: 564050
01:10:45   k_used_min: 550790
01:10:45   logit_mean_avg: -2.03916
01:10:45   mask_density: 0.103618
01:13:44   >>>>>>>>>>>>>>>>>>>>>>>>>>>>>>
01:13:44   binary cross entropy: 0.0903391
01:13:44   k_used_max: 556971
01:13:44   k_used_mean: 542328
01:13:44   k_used_min: 527811
01:13:44   logit_mean_avg: -2.17209
01:13:44   mask_density: 0.0996275
01:16:44   >>>>>>>>>>>>>>>>>>>>>>>>>>>>>>
01:16:44   binary cross entropy: 0.0966112
01:16:44   k_used_max: 562831
01:16:44   k_used_mean: 535936
01:16:44   k_used_min: 507620
01:16:44   logit_mean_avg: -2.31307
01:16:44   mask_density: 0.0984533
01:19:43   >>>>>>>>>>>>>>>>>>>>>>>>>>>>>>
01:19:43   binary cross entropy: 0.177066
01:19:43   k_used_max: 590837
01:19:43   k_used_mean: 574456
01:19:43   k_used_min: 561149
01:19:43   logit_mean_avg: -2.33651
01:19:43   mask_density: 0.10553
01:22:42   >>>>>>>>>>>>>>>>>>>>>>>>>>>>>>
01:22:42   binary cross entropy: 0.125817
01:22:42   k_used_max: 590813
01:22:42   k_used_mean: 583492
01:22:42   k_used_min: 571875
01:22:42   logit_mean_avg: -2.39966
01:22:42   mask_density: 0.10719
01:25:41   >>>>>>>>>>>>>>>>>>>>>>>>>>>>>>
01:25:41   binary cross entropy: 0.0941242
01:25:41   k_used_max: 596347
01:25:41   k_used_mean: 587153
01:25:41   k_used_min: 566234
01:25:41   logit_mean_avg: -2.44781
01:25:41   mask_density: 0.107862
01:28:41   >>>>>>>>>>>>>>>>>>>>>>>>>>>>>>
01:28:41   binary cross entropy: 0.672028
01:28:41   k_used_max: 604241
01:28:41   k_used_mean: 591474
01:28:41   k_used_min: 569574
01:28:41   logit_mean_avg: -2.51105
01:28:41   mask_density: 0.108656
01:31:40   >>>>>>>>>>>>>>>>>>>>>>>>>>>>>>
01:31:40   binary cross entropy: 0.281219
01:31:40   k_used_max: 607116
01:31:40   k_used_mean: 601748
01:31:40   k_used_min: 594139
01:31:40   logit_mean_avg: -2.66049
01:31:40   mask_density: 0.110543
01:34:39   >>>>>>>>>>>>>>>>>>>>>>>>>>>>>>
01:34:39   binary cross entropy: 0.139871
01:34:39   k_used_max: 611879
01:34:39   k_used_mean: 593561
01:34:39   k_used_min: 579445
01:34:39   logit_mean_avg: -2.77115
01:34:39   mask_density: 0.109039
01:37:39   >>>>>>>>>>>>>>>>>>>>>>>>>>>>>>
01:37:39   binary cross entropy: 0.096301
01:37:39   k_used_max: 617791
01:37:39   k_used_mean: 608564
01:37:39   k_used_min: 595675
01:37:39   logit_mean_avg: -2.78059
01:37:39   mask_density: 0.111795
01:40:38   >>>>>>>>>>>>>>>>>>>>>>>>>>>>>>
01:40:38   binary cross entropy: 0.37864
01:40:38   k_used_max: 616897
01:40:38   k_used_mean: 607286
01:40:38   k_used_min: 599037
01:40:38   logit_mean_avg: -2.81572
01:40:38   mask_density: 0.11156
01:43:37   >>>>>>>>>>>>>>>>>>>>>>>>>>>>>>
01:43:37   binary cross entropy: 0.148634
01:43:37   k_used_max: 613178
01:43:37   k_used_mean: 599416
01:43:37   k_used_min: 576221
01:43:37   logit_mean_avg: -2.86657
01:43:37   mask_density: 0.110115
01:46:37   >>>>>>>>>>>>>>>>>>>>>>>>>>>>>>
01:46:37   binary cross entropy: 0.218838
01:46:37   k_used_max: 606996
01:46:37   k_used_mean: 592510
01:46:37   k_used_min: 577950
01:46:37   logit_mean_avg: -2.93808
01:46:37   mask_density: 0.108846
01:49:36   >>>>>>>>>>>>>>>>>>>>>>>>>>>>>>
01:49:36   binary cross entropy: 0.104494
01:49:36   k_used_max: 618072
01:49:36   k_used_mean: 597852
01:49:36   k_used_min: 569541
01:49:36   logit_mean_avg: -2.93626
01:49:36   mask_density: 0.109827
01:52:35   >>>>>>>>>>>>>>>>>>>>>>>>>>>>>>
01:52:35   binary cross entropy: 0.568604
01:52:35   k_used_max: 637551
01:52:35   k_used_mean: 626165
01:52:35   k_used_min: 613585
01:52:35   logit_mean_avg: -2.90438
01:52:35   mask_density: 0.115029
01:55:34   >>>>>>>>>>>>>>>>>>>>>>>>>>>>>>
01:55:34   binary cross entropy: 0.276396
01:55:34   k_used_max: 642600
01:55:34   k_used_mean: 641063
01:55:34   k_used_min: 639248
01:55:34   logit_mean_avg: -2.92204
01:55:34   mask_density: 0.117765
01:58:34   >>>>>>>>>>>>>>>>>>>>>>>>>>>>>>
01:58:34   binary cross entropy: 0.702527
01:58:34   k_used_max: 637748
01:58:34   k_used_mean: 634689
01:58:34   k_used_min: 629756
01:58:34   logit_mean_avg: -3.00529
01:58:34   mask_density: 0.116594
02:01:33   >>>>>>>>>>>>>>>>>>>>>>>>>>>>>>
02:01:33   binary cross entropy: 0.427953
02:01:33   k_used_max: 633583
02:01:33   k_used_mean: 620389
02:01:33   k_used_min: 600381
02:01:33   logit_mean_avg: -3.11958
02:01:33   mask_density: 0.113967
02:04:32   >>>>>>>>>>>>>>>>>>>>>>>>>>>>>>
02:04:32   binary cross entropy: 0.17849
02:04:32   k_used_max: 631348
02:04:32   k_used_mean: 626553
02:04:32   k_used_min: 621001
02:04:32   logit_mean_avg: -3.13086
02:04:32   mask_density: 0.1151
02:07:32   >>>>>>>>>>>>>>>>>>>>>>>>>>>>>>
02:07:32   binary cross entropy: 0.141348
02:07:32   k_used_max: 637639
02:07:32   k_used_mean: 630928
02:07:32   k_used_min: 625749
02:07:32   logit_mean_avg: -3.13699
02:07:32   mask_density: 0.115903
02:10:31   >>>>>>>>>>>>>>>>>>>>>>>>>>>>>>
02:10:31   binary cross entropy: 0.134352
02:10:31   k_used_max: 639715
02:10:31   k_used_mean: 633036
02:10:31   k_used_min: 622827
02:10:31   logit_mean_avg: -3.13253
02:10:31   mask_density: 0.116291
02:13:30   >>>>>>>>>>>>>>>>>>>>>>>>>>>>>>
02:13:30   binary cross entropy: 0.062718
02:13:30   k_used_max: 633540
02:13:30   k_used_mean: 626181
02:13:30   k_used_min: 618643
02:13:30   logit_mean_avg: -3.18911
02:13:30   mask_density: 0.115031
02:16:30   >>>>>>>>>>>>>>>>>>>>>>>>>>>>>>
02:16:30   binary cross entropy: 0.419395
02:16:30   k_used_max: 631212
02:16:30   k_used_mean: 625509
02:16:30   k_used_min: 618905
02:16:30   logit_mean_avg: -3.22991
02:16:30   mask_density: 0.114908
02:19:29   >>>>>>>>>>>>>>>>>>>>>>>>>>>>>>
02:19:29   binary cross entropy: 0.130116
02:19:29   k_used_max: 628601
02:19:29   k_used_mean: 620060
02:19:29   k_used_min: 611867
02:19:29   logit_mean_avg: -3.319
02:19:29   mask_density: 0.113907
02:22:28   >>>>>>>>>>>>>>>>>>>>>>>>>>>>>>
02:22:28   binary cross entropy: 0.220893
02:22:28   k_used_max: 629954
02:22:28   k_used_mean: 620574
02:22:28   k_used_min: 615666
02:22:28   logit_mean_avg: -3.35669
02:22:28   mask_density: 0.114001
02:25:28   >>>>>>>>>>>>>>>>>>>>>>>>>>>>>>
02:25:28   binary cross entropy: 0.315178
02:25:28   k_used_max: 623559
02:25:28   k_used_mean: 614419
02:25:28   k_used_min: 604487
02:25:28   logit_mean_avg: -3.42484
02:25:28   mask_density: 0.112871
02:28:27   >>>>>>>>>>>>>>>>>>>>>>>>>>>>>>
02:28:27   binary cross entropy: 0.104151
02:28:27   k_used_max: 621101
02:28:27   k_used_mean: 605856
02:28:27   k_used_min: 588659
02:28:27   logit_mean_avg: -3.50335
02:28:27   mask_density: 0.111298
02:31:26   >>>>>>>>>>>>>>>>>>>>>>>>>>>>>>
02:31:26   binary cross entropy: 0.08112
02:31:26   k_used_max: 619095
02:31:26   k_used_mean: 611006
02:31:26   k_used_min: 600935
02:31:26   logit_mean_avg: -3.54478
02:31:26   mask_density: 0.112244
02:34:26   >>>>>>>>>>>>>>>>>>>>>>>>>>>>>>
02:34:26   binary cross entropy: 0.175966
02:34:26   k_used_max: 621741
02:34:26   k_used_mean: 614278
02:34:26   k_used_min: 599792
02:34:26   logit_mean_avg: -3.55582
02:34:26   mask_density: 0.112845
02:37:25   >>>>>>>>>>>>>>>>>>>>>>>>>>>>>>
02:37:25   binary cross entropy: 0.700481
02:37:25   k_used_max: 619528
02:37:25   k_used_mean: 611622
02:37:25   k_used_min: 605396
02:37:25   logit_mean_avg: -3.62114
02:37:25   mask_density: 0.112357
02:40:24   >>>>>>>>>>>>>>>>>>>>>>>>>>>>>>
02:40:24   binary cross entropy: 0.680977
02:40:24   k_used_max: 615866
02:40:24   k_used_mean: 607810
02:40:24   k_used_min: 603670
02:40:24   logit_mean_avg: -3.65792
02:40:24   mask_density: 0.111657
02:43:23   >>>>>>>>>>>>>>>>>>>>>>>>>>>>>>
02:43:23   binary cross entropy: 0.551899
02:43:23   k_used_max: 664828
02:43:23   k_used_mean: 660810
02:43:23   k_used_min: 655923
02:43:23   logit_mean_avg: -2.9689
02:43:23   mask_density: 0.121393
02:46:23   >>>>>>>>>>>>>>>>>>>>>>>>>>>>>>
02:46:23   binary cross entropy: 0.0738358
02:46:23   k_used_max: 684879
02:46:23   k_used_mean: 677634
02:46:23   k_used_min: 668677
02:46:23   logit_mean_avg: -2.74748
02:46:23   mask_density: 0.124484
02:49:22   >>>>>>>>>>>>>>>>>>>>>>>>>>>>>>
02:49:22   binary cross entropy: 0.126669
02:49:22   k_used_max: 686819
02:49:22   k_used_mean: 682044
02:49:22   k_used_min: 676715
02:49:22   logit_mean_avg: -2.68641
02:49:22   mask_density: 0.125294
02:52:21   >>>>>>>>>>>>>>>>>>>>>>>>>>>>>>
02:52:21   binary cross entropy: 0.0369227
02:52:21   k_used_max: 700118
02:52:21   k_used_mean: 683730
02:52:21   k_used_min: 673807
02:52:21   logit_mean_avg: -2.69347
02:52:21   mask_density: 0.125604
02:55:20   >>>>>>>>>>>>>>>>>>>>>>>>>>>>>>
02:55:20   binary cross entropy: 0.0672815
02:55:20   k_used_max: 687420
02:55:20   k_used_mean: 674182
02:55:20   k_used_min: 654460
02:55:20   logit_mean_avg: -2.77353
02:55:20   mask_density: 0.123849
02:58:20   >>>>>>>>>>>>>>>>>>>>>>>>>>>>>>
02:58:20   binary cross entropy: 0.0546521
02:58:20   k_used_max: 680267
02:58:20   k_used_mean: 671874
02:58:20   k_used_min: 663549
02:58:20   logit_mean_avg: -2.79219
02:58:20   mask_density: 0.123426
03:01:19   >>>>>>>>>>>>>>>>>>>>>>>>>>>>>>
03:01:19   binary cross entropy: 0.659023
03:01:19   k_used_max: 674381
03:01:19   k_used_mean: 661479
03:01:19   k_used_min: 654075
03:01:19   logit_mean_avg: -2.88037
03:01:19   mask_density: 0.121516
03:04:18   >>>>>>>>>>>>>>>>>>>>>>>>>>>>>>
03:04:18   binary cross entropy: 0.0401594
03:04:18   k_used_max: 651442
03:04:18   k_used_mean: 642851
03:04:18   k_used_min: 634918
03:04:18   logit_mean_avg: -2.99361
03:04:18   mask_density: 0.118094
03:07:18   >>>>>>>>>>>>>>>>>>>>>>>>>>>>>>
03:07:18   binary cross entropy: 0.524151
03:07:18   k_used_max: 634533
03:07:18   k_used_mean: 624851
03:07:18   k_used_min: 612046
03:07:18   logit_mean_avg: -3.07855
03:07:18   mask_density: 0.114787
03:10:17   >>>>>>>>>>>>>>>>>>>>>>>>>>>>>>
03:10:17   binary cross entropy: 0.0625496
03:10:17   k_used_max: 649424
03:10:17   k_used_mean: 637833
03:10:17   k_used_min: 626016
03:10:17   logit_mean_avg: -3.06688
03:10:17   mask_density: 0.117172
03:13:17   >>>>>>>>>>>>>>>>>>>>>>>>>>>>>>
03:13:17   binary cross entropy: 0.234739
03:13:17   k_used_max: 686930
03:13:17   k_used_mean: 674066
03:13:17   k_used_min: 656854
03:13:17   logit_mean_avg: -2.97017
03:13:17   mask_density: 0.123828
03:16:16   >>>>>>>>>>>>>>>>>>>>>>>>>>>>>>
03:16:16   binary cross entropy: 0.171929
03:16:16   k_used_max: 733662
03:16:16   k_used_mean: 689494
03:16:16   k_used_min: 672419
03:16:16   logit_mean_avg: -2.93967
03:16:16   mask_density: 0.126662
03:19:15   >>>>>>>>>>>>>>>>>>>>>>>>>>>>>>
03:19:15   binary cross entropy: 0.481428
03:19:15   k_used_max: 718646
03:19:15   k_used_mean: 692806
03:19:15   k_used_min: 666616
03:19:15   logit_mean_avg: -2.95232
03:19:15   mask_density: 0.127271
03:22:14   >>>>>>>>>>>>>>>>>>>>>>>>>>>>>>
03:22:14   binary cross entropy: 0.379071
03:22:14   k_used_max: 724436
03:22:14   k_used_mean: 693188
03:22:14   k_used_min: 666583
03:22:14   logit_mean_avg: -2.97146
03:22:14   mask_density: 0.127341
03:25:13   >>>>>>>>>>>>>>>>>>>>>>>>>>>>>>
03:25:13   binary cross entropy: 0.265067
03:25:13   k_used_max: 702007
03:25:13   k_used_mean: 681656
03:25:13   k_used_min: 651687
03:25:13   logit_mean_avg: -3.03704
03:25:13   mask_density: 0.125222
03:28:13   >>>>>>>>>>>>>>>>>>>>>>>>>>>>>>
03:28:13   binary cross entropy: 0.350003
03:28:13   k_used_max: 700672
03:28:13   k_used_mean: 674015
03:28:13   k_used_min: 654713
03:28:13   logit_mean_avg: -3.07529
03:28:13   mask_density: 0.123819
03:30:54   >>>>>>>>>>>>>>>>>>>>>>>>>>>>>>
03:30:54   Epoch 1 end
03:30:54   duration: 2.54 hours
03:30:54   speed: 0.05 batch / sec
03:30:54   ETA: 0.00 secs
03:30:54   max GPU memory: 96674.9 MiB
03:30:54   ------------------------------
03:30:54   average binary cross entropy: 0.241067
03:30:54   average k_used_max: 636203
03:30:54   average k_used_mean: 622798
03:30:54   average k_used_min: 606919
03:30:54   average logit_mean_avg: -2.88873
03:30:54   average mask_density: 0.11441
03:30:54   Save checkpoint to model_epoch_2.pth
03:31:02   >>>>>>>>>>>>>>>>>>>>>>>>>>>>>>
03:31:02   Evaluate on valid
03:34:10   ------------------------------
03:34:10   hits@1: 0.1845
03:34:10   hits@10: 0.3465
03:34:10   hits@3: 0.257
03:34:10   mr: 889.817
03:34:10   mrr: 0.243068
03:34:10   >>>>>>>>>>>>>>>>>>>>>>>>>>>>>>
03:34:10   Epoch 2 begin
03:34:28   >>>>>>>>>>>>>>>>>>>>>>>>>>>>>>
03:34:28   binary cross entropy: 0.203808
03:34:28   k_used_max: 743141
03:34:28   k_used_mean: 686424
03:34:28   k_used_min: 655952
03:34:28   logit_mean_avg: -3.07546
03:34:28   mask_density: 0.126098
03:37:27   >>>>>>>>>>>>>>>>>>>>>>>>>>>>>>
03:37:27   binary cross entropy: 0.0700909
03:37:27   k_used_max: 728637
03:37:27   k_used_mean: 694434
03:37:27   k_used_min: 663807
03:37:27   logit_mean_avg: -3.10339
03:37:27   mask_density: 0.12757
03:40:27   >>>>>>>>>>>>>>>>>>>>>>>>>>>>>>
03:40:27   binary cross entropy: 0.575406
03:40:27   k_used_max: 722058
03:40:27   k_used_mean: 706345
03:40:27   k_used_min: 688608
03:40:27   logit_mean_avg: -3.11842
03:40:27   mask_density: 0.129758
03:43:26   >>>>>>>>>>>>>>>>>>>>>>>>>>>>>>
03:43:26   binary cross entropy: 0.0807909
03:43:26   k_used_max: 707444
03:43:26   k_used_mean: 695275
03:43:26   k_used_min: 678940
03:43:26   logit_mean_avg: -3.15776
03:43:26   mask_density: 0.127724
03:46:25   >>>>>>>>>>>>>>>>>>>>>>>>>>>>>>
03:46:25   binary cross entropy: 0.258302
03:46:25   k_used_max: 701885
03:46:25   k_used_mean: 671049
03:46:25   k_used_min: 650154
03:46:25   logit_mean_avg: -3.21103
03:46:25   mask_density: 0.123274
03:49:24   >>>>>>>>>>>>>>>>>>>>>>>>>>>>>>
03:49:24   binary cross entropy: 0.738694
03:49:24   k_used_max: 687643
03:49:24   k_used_mean: 673448
03:49:24   k_used_min: 660194
03:49:24   logit_mean_avg: -3.22377
03:49:24   mask_density: 0.123715
03:52:23   >>>>>>>>>>>>>>>>>>>>>>>>>>>>>>
03:52:23   binary cross entropy: 0.393194
03:52:23   k_used_max: 707950
03:52:23   k_used_mean: 677668
03:52:23   k_used_min: 650061
03:52:23   logit_mean_avg: -3.27316
03:52:23   mask_density: 0.12449
03:55:22   >>>>>>>>>>>>>>>>>>>>>>>>>>>>>>
03:55:22   binary cross entropy: 0.277587
03:55:22   k_used_max: 685073
03:55:22   k_used_mean: 666575
03:55:22   k_used_min: 635507
03:55:22   logit_mean_avg: -3.44429
03:55:22   mask_density: 0.122452
03:58:21   >>>>>>>>>>>>>>>>>>>>>>>>>>>>>>
03:58:21   binary cross entropy: 0.440036
03:58:21   k_used_max: 665217
03:58:21   k_used_mean: 638938
03:58:21   k_used_min: 604186
03:58:21   logit_mean_avg: -3.5456
03:58:21   mask_density: 0.117375
04:01:20   >>>>>>>>>>>>>>>>>>>>>>>>>>>>>>
04:01:20   binary cross entropy: 0.19043
04:01:20   k_used_max: 666580
04:01:20   k_used_mean: 634064
04:01:20   k_used_min: 590458
04:01:20   logit_mean_avg: -3.58268
04:01:20   mask_density: 0.11648
04:04:20   >>>>>>>>>>>>>>>>>>>>>>>>>>>>>>
04:04:20   binary cross entropy: 0.198045
04:04:20   k_used_max: 657610
04:04:20   k_used_mean: 625224
04:04:20   k_used_min: 592724
04:04:20   logit_mean_avg: -3.6206
04:04:20   mask_density: 0.114856
04:07:19   >>>>>>>>>>>>>>>>>>>>>>>>>>>>>>
04:07:19   binary cross entropy: 0.045987
04:07:19   k_used_max: 638321
04:07:19   k_used_mean: 603671
04:07:19   k_used_min: 575288
04:07:19   logit_mean_avg: -3.6679
04:07:19   mask_density: 0.110896
04:10:18   >>>>>>>>>>>>>>>>>>>>>>>>>>>>>>
04:10:18   binary cross entropy: 0.257193
04:10:18   k_used_max: 623423
04:10:18   k_used_mean: 592115
04:10:18   k_used_min: 559814
04:10:18   logit_mean_avg: -3.7056
04:10:18   mask_density: 0.108773
04:13:17   >>>>>>>>>>>>>>>>>>>>>>>>>>>>>>
04:13:17   binary cross entropy: 0.188634
04:13:17   k_used_max: 654474
04:13:17   k_used_mean: 610539
04:13:17   k_used_min: 562385
04:13:17   logit_mean_avg: -3.70506
04:13:17   mask_density: 0.112158
04:16:16   >>>>>>>>>>>>>>>>>>>>>>>>>>>>>>
04:16:16   binary cross entropy: 0.0865801
04:16:16   k_used_max: 644966
04:16:16   k_used_mean: 604185
04:16:16   k_used_min: 546948
04:16:16   logit_mean_avg: -3.74865
04:16:16   mask_density: 0.110991
04:19:15   >>>>>>>>>>>>>>>>>>>>>>>>>>>>>>
04:19:15   binary cross entropy: 0.10843
04:19:15   k_used_max: 627965
04:19:15   k_used_mean: 604857
04:19:15   k_used_min: 580281
04:19:15   logit_mean_avg: -3.76418
04:19:15   mask_density: 0.111114
04:22:15   >>>>>>>>>>>>>>>>>>>>>>>>>>>>>>
04:22:15   binary cross entropy: 0.214417
04:22:15   k_used_max: 664588
04:22:15   k_used_mean: 616621
04:22:15   k_used_min: 572899
04:22:15   logit_mean_avg: -3.77053
04:22:15   mask_density: 0.113275
04:25:14   >>>>>>>>>>>>>>>>>>>>>>>>>>>>>>
04:25:14   binary cross entropy: 0.197209
04:25:14   k_used_max: 670650
04:25:14   k_used_mean: 628288
04:25:14   k_used_min: 581156
04:25:14   logit_mean_avg: -3.63615
04:25:14   mask_density: 0.115419
04:28:13   >>>>>>>>>>>>>>>>>>>>>>>>>>>>>>
04:28:13   binary cross entropy: 0.0453321
04:28:13   k_used_max: 680347
04:28:13   k_used_mean: 634812
04:28:13   k_used_min: 600772
04:28:13   logit_mean_avg: -3.60645
04:28:13   mask_density: 0.116617
04:31:12   >>>>>>>>>>>>>>>>>>>>>>>>>>>>>>
04:31:12   binary cross entropy: 0.209714
04:31:12   k_used_max: 674501
04:31:12   k_used_mean: 643886
04:31:12   k_used_min: 607574
04:31:12   logit_mean_avg: -3.58389
04:31:12   mask_density: 0.118284
04:34:12   >>>>>>>>>>>>>>>>>>>>>>>>>>>>>>
04:34:12   binary cross entropy: 0.666115
04:34:12   k_used_max: 684323
04:34:12   k_used_mean: 658952
04:34:12   k_used_min: 621226
04:34:12   logit_mean_avg: -3.57399
04:34:12   mask_density: 0.121052
04:37:11   >>>>>>>>>>>>>>>>>>>>>>>>>>>>>>
04:37:11   binary cross entropy: 0.494648
04:37:11   k_used_max: 723092
04:37:11   k_used_mean: 663498
04:37:11   k_used_min: 609333
04:37:11   logit_mean_avg: -3.55968
04:37:11   mask_density: 0.121887
04:40:10   >>>>>>>>>>>>>>>>>>>>>>>>>>>>>>
04:40:10   binary cross entropy: 0.0777497
04:40:10   k_used_max: 665558
04:40:10   k_used_mean: 639274
04:40:10   k_used_min: 601215
04:40:10   logit_mean_avg: -3.62598
04:40:10   mask_density: 0.117437
04:43:10   >>>>>>>>>>>>>>>>>>>>>>>>>>>>>>
04:43:10   binary cross entropy: 0.141247
04:43:10   k_used_max: 674045
04:43:10   k_used_mean: 631138
04:43:10   k_used_min: 571939
04:43:10   logit_mean_avg: -3.62907
04:43:10   mask_density: 0.115942
04:46:09   >>>>>>>>>>>>>>>>>>>>>>>>>>>>>>
04:46:09   binary cross entropy: 0.290953
04:46:09   k_used_max: 672435
04:46:09   k_used_mean: 630089
04:46:09   k_used_min: 586295
04:46:09   logit_mean_avg: -3.65337
04:46:09   mask_density: 0.115749
04:49:08   >>>>>>>>>>>>>>>>>>>>>>>>>>>>>>
04:49:08   binary cross entropy: 0.484738
04:49:08   k_used_max: 688014
04:49:08   k_used_mean: 631702
04:49:08   k_used_min: 579987
04:49:08   logit_mean_avg: -3.67305
04:49:08   mask_density: 0.116046
04:52:07   >>>>>>>>>>>>>>>>>>>>>>>>>>>>>>
04:52:07   binary cross entropy: 0.118643
04:52:07   k_used_max: 683978
04:52:07   k_used_mean: 613981
04:52:07   k_used_min: 541527
04:52:07   logit_mean_avg: -3.72329
04:52:07   mask_density: 0.11279
04:55:06   >>>>>>>>>>>>>>>>>>>>>>>>>>>>>>
04:55:06   binary cross entropy: 0.255262
04:55:06   k_used_max: 649328
04:55:06   k_used_mean: 601033
04:55:06   k_used_min: 562164
04:55:06   logit_mean_avg: -3.93157
04:55:06   mask_density: 0.110412
04:58:06   >>>>>>>>>>>>>>>>>>>>>>>>>>>>>>
04:58:06   binary cross entropy: 0.113023
04:58:06   k_used_max: 655975
04:58:06   k_used_mean: 628088
04:58:06   k_used_min: 590099
04:58:06   logit_mean_avg: -3.98534
04:58:06   mask_density: 0.115382
05:01:05   >>>>>>>>>>>>>>>>>>>>>>>>>>>>>>
05:01:05   binary cross entropy: 0.474484
05:01:05   k_used_max: 701293
05:01:05   k_used_mean: 666746
05:01:05   k_used_min: 627369
05:01:05   logit_mean_avg: -4.07972
05:01:05   mask_density: 0.122483
05:04:04   >>>>>>>>>>>>>>>>>>>>>>>>>>>>>>
05:04:04   binary cross entropy: 0.211097
05:04:04   k_used_max: 765310
05:04:04   k_used_mean: 740806
05:04:04   k_used_min: 723603
05:04:04   logit_mean_avg: -4.15261
05:04:04   mask_density: 0.136088
05:07:03   >>>>>>>>>>>>>>>>>>>>>>>>>>>>>>
05:07:03   binary cross entropy: 0.276054
05:07:03   k_used_max: 766963
05:07:03   k_used_mean: 758047
05:07:03   k_used_min: 746687
05:07:03   logit_mean_avg: -4.1827
05:07:03   mask_density: 0.139256
05:10:03   >>>>>>>>>>>>>>>>>>>>>>>>>>>>>>
05:10:03   binary cross entropy: 0.0597209
05:10:03   k_used_max: 778299
05:10:03   k_used_mean: 765811
05:10:03   k_used_min: 749785
05:10:03   logit_mean_avg: -4.22118
05:10:03   mask_density: 0.140682
05:13:02   >>>>>>>>>>>>>>>>>>>>>>>>>>>>>>
05:13:02   binary cross entropy: 0.0719996
05:13:02   k_used_max: 778817
05:13:02   k_used_mean: 763552
05:13:02   k_used_min: 746812
05:13:02   logit_mean_avg: -4.22891
05:13:02   mask_density: 0.140267
05:16:01   >>>>>>>>>>>>>>>>>>>>>>>>>>>>>>
05:16:01   binary cross entropy: 0.533255
05:16:01   k_used_max: 771525
05:16:01   k_used_mean: 761098
05:16:01   k_used_min: 749042
05:16:01   logit_mean_avg: -4.25373
05:16:01   mask_density: 0.139816
05:19:00   >>>>>>>>>>>>>>>>>>>>>>>>>>>>>>
05:19:00   binary cross entropy: 0.0577387
05:19:00   k_used_max: 767875
05:19:00   k_used_mean: 757714
05:19:00   k_used_min: 743663
05:19:00   logit_mean_avg: -4.27348
05:19:00   mask_density: 0.139195
05:21:59   >>>>>>>>>>>>>>>>>>>>>>>>>>>>>>
05:21:59   binary cross entropy: 0.148379
05:21:59   k_used_max: 762712
05:21:59   k_used_mean: 742658
05:21:59   k_used_min: 728267
05:21:59   logit_mean_avg: -4.33885
05:21:59   mask_density: 0.136429
05:24:59   >>>>>>>>>>>>>>>>>>>>>>>>>>>>>>
05:24:59   binary cross entropy: 0.429979
05:24:59   k_used_max: 768056
05:24:59   k_used_mean: 750504
05:24:59   k_used_min: 719220
05:24:59   logit_mean_avg: -4.3056
05:24:59   mask_density: 0.13787
05:27:58   >>>>>>>>>>>>>>>>>>>>>>>>>>>>>>
05:27:58   binary cross entropy: 0.463831
05:27:58   k_used_max: 762459
05:27:58   k_used_mean: 738340
05:27:58   k_used_min: 701255
05:27:58   logit_mean_avg: -4.34365
05:27:58   mask_density: 0.135635
05:30:57   >>>>>>>>>>>>>>>>>>>>>>>>>>>>>>
05:30:57   binary cross entropy: 0.0906252
05:30:57   k_used_max: 764716
05:30:57   k_used_mean: 749755
05:30:57   k_used_min: 732251
05:30:57   logit_mean_avg: -4.331
05:30:57   mask_density: 0.137733
05:33:56   >>>>>>>>>>>>>>>>>>>>>>>>>>>>>>
05:33:56   binary cross entropy: 0.177069
05:33:56   k_used_max: 764215
05:33:56   k_used_mean: 746292
05:33:56   k_used_min: 727470
05:33:56   logit_mean_avg: -4.35944
05:33:56   mask_density: 0.137096
05:36:55   >>>>>>>>>>>>>>>>>>>>>>>>>>>>>>
05:36:55   binary cross entropy: 0.089561
05:36:55   k_used_max: 761263
05:36:55   k_used_mean: 738362
05:36:55   k_used_min: 711126
05:36:55   logit_mean_avg: -4.39263
05:36:55   mask_density: 0.135639
05:39:54   >>>>>>>>>>>>>>>>>>>>>>>>>>>>>>
05:39:54   binary cross entropy: 0.0922659
05:39:54   k_used_max: 763558
05:39:54   k_used_mean: 743985
05:39:54   k_used_min: 725992
05:39:54   logit_mean_avg: -4.3754
05:39:54   mask_density: 0.136673
05:42:54   >>>>>>>>>>>>>>>>>>>>>>>>>>>>>>
05:42:54   binary cross entropy: 0.81958
05:42:54   k_used_max: 754987
05:42:54   k_used_mean: 733921
05:42:54   k_used_min: 719897
05:42:54   logit_mean_avg: -4.4099
05:42:54   mask_density: 0.134824
05:45:53   >>>>>>>>>>>>>>>>>>>>>>>>>>>>>>
05:45:53   binary cross entropy: 0.075539
05:45:53   k_used_max: 761134
05:45:53   k_used_mean: 728190
05:45:53   k_used_min: 688089
05:45:53   logit_mean_avg: -4.45228
05:45:53   mask_density: 0.133771
05:48:53   >>>>>>>>>>>>>>>>>>>>>>>>>>>>>>
05:48:53   binary cross entropy: 0.163799
05:48:53   k_used_max: 749319
05:48:53   k_used_mean: 725328
05:48:53   k_used_min: 702624
05:48:53   logit_mean_avg: -4.462
05:48:53   mask_density: 0.133245
05:51:52   >>>>>>>>>>>>>>>>>>>>>>>>>>>>>>
05:51:52   binary cross entropy: 0.0636016
05:51:52   k_used_max: 749755
05:51:52   k_used_mean: 715161
05:51:52   k_used_min: 678428
05:51:52   logit_mean_avg: -4.48358
05:51:52   mask_density: 0.131377
05:54:51   >>>>>>>>>>>>>>>>>>>>>>>>>>>>>>
05:54:51   binary cross entropy: 0.371308
05:54:51   k_used_max: 740496
05:54:51   k_used_mean: 677587
05:54:51   k_used_min: 589764
05:54:51   logit_mean_avg: -4.536
05:54:51   mask_density: 0.124475
05:57:50   >>>>>>>>>>>>>>>>>>>>>>>>>>>>>>
05:57:50   binary cross entropy: 0.0397736
05:57:50   k_used_max: 732965
05:57:50   k_used_mean: 666711
05:57:50   k_used_min: 593838
05:57:50   logit_mean_avg: -4.55075
05:57:50   mask_density: 0.122477
06:00:50   >>>>>>>>>>>>>>>>>>>>>>>>>>>>>>
06:00:50   binary cross entropy: 0.0359961
06:00:50   k_used_max: 724976
06:00:50   k_used_mean: 657659
06:00:50   k_used_min: 595078
06:00:50   logit_mean_avg: -4.57273
06:00:50   mask_density: 0.120814
06:03:31   >>>>>>>>>>>>>>>>>>>>>>>>>>>>>>
06:03:31   Epoch 2 end
06:03:31   duration: 2.54 hours
06:03:31   speed: 0.05 batch / sec
06:03:31   ETA: 0.00 secs
06:03:31   max GPU memory: 96674.9 MiB
06:03:31   ------------------------------
06:03:31   average binary cross entropy: 0.233997
06:03:31   average k_used_max: 711959
06:03:31   average k_used_mean: 679280
06:03:31   average k_used_min: 644227
06:03:31   average logit_mean_avg: -3.89537
06:03:31   average mask_density: 0.124786
06:03:31   Save checkpoint to model_epoch_3.pth
06:03:38   >>>>>>>>>>>>>>>>>>>>>>>>>>>>>>
06:03:38   Evaluate on valid
06:06:45   ------------------------------
06:06:45   hits@1: 0.1475
06:06:45   hits@10: 0.252
06:06:45   hits@3: 0.1915
06:06:45   mr: 6076.44
06:06:45   mrr: 0.185051
06:06:45   >>>>>>>>>>>>>>>>>>>>>>>>>>>>>>
06:06:45   Epoch 3 begin
06:07:03   >>>>>>>>>>>>>>>>>>>>>>>>>>>>>>
06:07:03   binary cross entropy: 0.0552962
06:07:03   k_used_max: 732316
06:07:03   k_used_mean: 672688
06:07:03   k_used_min: 599091
06:07:03   logit_mean_avg: -4.55837
06:07:03   mask_density: 0.123575
06:10:02   >>>>>>>>>>>>>>>>>>>>>>>>>>>>>>
06:10:02   binary cross entropy: 0.0512649
06:10:02   k_used_max: 730441
06:10:02   k_used_mean: 672749
06:10:02   k_used_min: 610549
06:10:02   logit_mean_avg: -4.57865
06:10:02   mask_density: 0.123586
06:13:02   >>>>>>>>>>>>>>>>>>>>>>>>>>>>>>
06:13:02   binary cross entropy: 0.368093
06:13:02   k_used_max: 722839
06:13:02   k_used_mean: 644458
06:13:02   k_used_min: 555150
06:13:02   logit_mean_avg: -4.61372
06:13:02   mask_density: 0.118389
06:16:01   >>>>>>>>>>>>>>>>>>>>>>>>>>>>>>
06:16:01   binary cross entropy: 0.179642
06:16:01   k_used_max: 715281
06:16:01   k_used_mean: 633371
06:16:01   k_used_min: 532402
06:16:01   logit_mean_avg: -4.62474
06:16:01   mask_density: 0.116352
06:19:00   >>>>>>>>>>>>>>>>>>>>>>>>>>>>>>
06:19:00   binary cross entropy: 0.303226
06:19:00   k_used_max: 715026
06:19:00   k_used_mean: 642550
06:19:00   k_used_min: 557238
06:19:00   logit_mean_avg: -4.61384
06:19:00   mask_density: 0.118038
06:21:59   >>>>>>>>>>>>>>>>>>>>>>>>>>>>>>
06:21:59   binary cross entropy: 0.0775102
06:21:59   k_used_max: 724275
06:21:59   k_used_mean: 661180
06:21:59   k_used_min: 598302
06:21:59   logit_mean_avg: -4.58788
06:21:59   mask_density: 0.121461
06:24:59   >>>>>>>>>>>>>>>>>>>>>>>>>>>>>>
06:24:59   binary cross entropy: 0.442986
06:24:59   k_used_max: 736596
06:24:59   k_used_mean: 719477
06:24:59   k_used_min: 674992
06:24:59   logit_mean_avg: -4.48548
06:24:59   mask_density: 0.13217
06:27:58   >>>>>>>>>>>>>>>>>>>>>>>>>>>>>>
06:27:58   binary cross entropy: 0.237517
06:27:58   k_used_max: 750079
06:27:58   k_used_mean: 714504
06:27:58   k_used_min: 676417
06:27:58   logit_mean_avg: -4.43495
06:27:58   mask_density: 0.131257
06:30:57   >>>>>>>>>>>>>>>>>>>>>>>>>>>>>>
06:30:57   binary cross entropy: 0.0746656
06:30:57   k_used_max: 752184
06:30:57   k_used_mean: 735407
06:30:57   k_used_min: 718880
06:30:57   logit_mean_avg: -4.39619
06:30:57   mask_density: 0.135097
06:33:56   >>>>>>>>>>>>>>>>>>>>>>>>>>>>>>
06:33:56   binary cross entropy: 0.0317543
06:33:56   k_used_max: 739869
06:33:56   k_used_mean: 715045
06:33:56   k_used_min: 689815
06:33:56   logit_mean_avg: -4.44661
06:33:56   mask_density: 0.131356
06:36:55   >>>>>>>>>>>>>>>>>>>>>>>>>>>>>>
06:36:55   binary cross entropy: 0.123118
06:36:55   k_used_max: 749146
06:36:55   k_used_mean: 726247
06:36:55   k_used_min: 704478
06:36:55   logit_mean_avg: -4.42399
06:36:55   mask_density: 0.133414
06:39:55   >>>>>>>>>>>>>>>>>>>>>>>>>>>>>>
06:39:55   binary cross entropy: 0.229453
06:39:55   k_used_max: 747838
06:39:55   k_used_mean: 729414
06:39:55   k_used_min: 717297
06:39:55   logit_mean_avg: -4.44875
06:39:55   mask_density: 0.133996
06:42:54   >>>>>>>>>>>>>>>>>>>>>>>>>>>>>>
06:42:54   binary cross entropy: 0.050644
06:42:54   k_used_max: 750390
06:42:54   k_used_mean: 726597
06:42:54   k_used_min: 700669
06:42:54   logit_mean_avg: -4.43323
06:42:54   mask_density: 0.133478
06:45:53   >>>>>>>>>>>>>>>>>>>>>>>>>>>>>>
06:45:53   binary cross entropy: 0.469465
06:45:53   k_used_max: 742971
06:45:53   k_used_mean: 713818
06:45:53   k_used_min: 683375
06:45:53   logit_mean_avg: -4.4659
06:45:53   mask_density: 0.131131
06:48:52   >>>>>>>>>>>>>>>>>>>>>>>>>>>>>>
06:48:52   binary cross entropy: 0.688213
06:48:52   k_used_max: 752390
06:48:52   k_used_mean: 717862
06:48:52   k_used_min: 666558
06:48:52   logit_mean_avg: -4.48593
06:48:52   mask_density: 0.131873
06:51:51   >>>>>>>>>>>>>>>>>>>>>>>>>>>>>>
06:51:51   binary cross entropy: 0.0453546
06:51:51   k_used_max: 736739
06:51:51   k_used_mean: 707191
06:51:51   k_used_min: 654678
06:51:51   logit_mean_avg: -4.51893
06:51:51   mask_density: 0.129913
06:54:51   >>>>>>>>>>>>>>>>>>>>>>>>>>>>>>
06:54:51   binary cross entropy: 0.0799603
06:54:51   k_used_max: 746290
06:54:51   k_used_mean: 713261
06:54:51   k_used_min: 663068
06:54:51   logit_mean_avg: -4.50148
06:54:51   mask_density: 0.131028
06:57:50   >>>>>>>>>>>>>>>>>>>>>>>>>>>>>>
06:57:50   binary cross entropy: 0.166835
06:57:50   k_used_max: 747707
06:57:50   k_used_mean: 714011
06:57:50   k_used_min: 669012
06:57:50   logit_mean_avg: -4.49376
06:57:50   mask_density: 0.131166
07:00:49   >>>>>>>>>>>>>>>>>>>>>>>>>>>>>>
07:00:49   binary cross entropy: 0.165627
07:00:49   k_used_max: 739993
07:00:49   k_used_mean: 698496
07:00:49   k_used_min: 638251
07:00:49   logit_mean_avg: -4.52394
07:00:49   mask_density: 0.128316
07:03:48   >>>>>>>>>>>>>>>>>>>>>>>>>>>>>>
07:03:48   binary cross entropy: 0.0504849
07:03:48   k_used_max: 731205
07:03:48   k_used_mean: 690026
07:03:48   k_used_min: 636595
07:03:48   logit_mean_avg: -4.56241
07:03:48   mask_density: 0.12676
07:06:48   >>>>>>>>>>>>>>>>>>>>>>>>>>>>>>
07:06:48   binary cross entropy: 0.173829
07:06:48   k_used_max: 723488
07:06:48   k_used_mean: 637855
07:06:48   k_used_min: 562453
07:06:48   logit_mean_avg: -4.624
07:06:48   mask_density: 0.117176
07:09:47   >>>>>>>>>>>>>>>>>>>>>>>>>>>>>>
07:09:47   binary cross entropy: 0.160779
07:09:47   k_used_max: 722228
07:09:47   k_used_mean: 663394
07:09:47   k_used_min: 584052
07:09:47   logit_mean_avg: -4.5937
07:09:47   mask_density: 0.121868
07:12:46   >>>>>>>>>>>>>>>>>>>>>>>>>>>>>>
07:12:46   binary cross entropy: 0.0706253
07:12:46   k_used_max: 713869
07:12:46   k_used_mean: 669931
07:12:46   k_used_min: 623010
07:12:46   logit_mean_avg: -4.59542
07:12:46   mask_density: 0.123068
07:15:46   >>>>>>>>>>>>>>>>>>>>>>>>>>>>>>
07:15:46   binary cross entropy: 0.169745
07:15:46   k_used_max: 733804
07:15:46   k_used_mean: 658284
07:15:46   k_used_min: 577156
07:15:46   logit_mean_avg: -4.61539
07:15:46   mask_density: 0.120929
07:18:45   >>>>>>>>>>>>>>>>>>>>>>>>>>>>>>
07:18:45   binary cross entropy: 0.116453
07:18:45   k_used_max: 732151
07:18:45   k_used_mean: 672094
07:18:45   k_used_min: 593846
07:18:45   logit_mean_avg: -4.59516
07:18:45   mask_density: 0.123466
07:21:44   >>>>>>>>>>>>>>>>>>>>>>>>>>>>>>
07:21:44   binary cross entropy: 0.125759
07:21:44   k_used_max: 720535
07:21:44   k_used_mean: 639400
07:21:44   k_used_min: 539033
07:21:44   logit_mean_avg: -4.61661
07:21:44   mask_density: 0.11746
07:24:43   >>>>>>>>>>>>>>>>>>>>>>>>>>>>>>
07:24:43   binary cross entropy: 0.415101
07:24:43   k_used_max: 718369
07:24:43   k_used_mean: 653428
07:24:43   k_used_min: 603861
07:24:43   logit_mean_avg: -4.64021
07:24:43   mask_density: 0.120037
07:27:42   >>>>>>>>>>>>>>>>>>>>>>>>>>>>>>
07:27:42   binary cross entropy: 0.580662
07:27:42   k_used_max: 722765
07:27:42   k_used_mean: 676032
07:27:42   k_used_min: 626442
07:27:42   logit_mean_avg: -4.63581
07:27:42   mask_density: 0.124189
07:30:41   >>>>>>>>>>>>>>>>>>>>>>>>>>>>>>
07:30:41   binary cross entropy: 0.0597858
07:30:41   k_used_max: 730223
07:30:41   k_used_mean: 682712
07:30:41   k_used_min: 610354
07:30:41   logit_mean_avg: -4.64019
07:30:41   mask_density: 0.125416
07:33:40   >>>>>>>>>>>>>>>>>>>>>>>>>>>>>>
07:33:40   binary cross entropy: 0.0967838
07:33:40   k_used_max: 729232
07:33:40   k_used_mean: 674002
07:33:40   k_used_min: 612479
07:33:40   logit_mean_avg: -4.65836
07:33:40   mask_density: 0.123816
07:36:40   >>>>>>>>>>>>>>>>>>>>>>>>>>>>>>
07:36:40   binary cross entropy: 0.278776
07:36:40   k_used_max: 728939
07:36:40   k_used_mean: 664417
07:36:40   k_used_min: 599901
07:36:40   logit_mean_avg: -4.67517
07:36:40   mask_density: 0.122056
07:39:39   >>>>>>>>>>>>>>>>>>>>>>>>>>>>>>
07:39:39   binary cross entropy: 0.454324
07:39:39   k_used_max: 725381
07:39:39   k_used_mean: 659839
07:39:39   k_used_min: 599412
07:39:39   logit_mean_avg: -4.68764
07:39:39   mask_density: 0.121215
07:42:38   >>>>>>>>>>>>>>>>>>>>>>>>>>>>>>
07:42:38   binary cross entropy: 0.234882
07:42:38   k_used_max: 726349
07:42:38   k_used_mean: 675933
07:42:38   k_used_min: 606789
07:42:38   logit_mean_avg: -4.66654
07:42:38   mask_density: 0.124171
07:45:37   >>>>>>>>>>>>>>>>>>>>>>>>>>>>>>
07:45:37   binary cross entropy: 0.299389
07:45:37   k_used_max: 717278
07:45:37   k_used_mean: 675198
07:45:37   k_used_min: 606612
07:45:37   logit_mean_avg: -4.66827
07:45:37   mask_density: 0.124036
07:48:37   >>>>>>>>>>>>>>>>>>>>>>>>>>>>>>
07:48:37   binary cross entropy: 0.639237
07:48:37   k_used_max: 705560
07:48:37   k_used_mean: 594300
07:48:37   k_used_min: 403642
07:48:37   logit_mean_avg: -4.74103
07:48:37   mask_density: 0.109175
07:51:36   >>>>>>>>>>>>>>>>>>>>>>>>>>>>>>
07:51:36   binary cross entropy: 0.168953
07:51:36   k_used_max: 719826
07:51:36   k_used_mean: 659173
07:51:36   k_used_min: 586596
07:51:36   logit_mean_avg: -4.61789
07:51:36   mask_density: 0.121092
07:54:35   >>>>>>>>>>>>>>>>>>>>>>>>>>>>>>
07:54:35   binary cross entropy: 0.0606834
07:54:35   k_used_max: 726866
07:54:35   k_used_mean: 665352
07:54:35   k_used_min: 595815
07:54:35   logit_mean_avg: -4.60822
07:54:35   mask_density: 0.122227
07:57:34   >>>>>>>>>>>>>>>>>>>>>>>>>>>>>>
07:57:34   binary cross entropy: 0.37028
07:57:34   k_used_max: 738377
07:57:34   k_used_mean: 671721
07:57:34   k_used_min: 592937
07:57:34   logit_mean_avg: -4.59302
07:57:34   mask_density: 0.123397
08:00:34   >>>>>>>>>>>>>>>>>>>>>>>>>>>>>>
08:00:34   binary cross entropy: 0.115843
08:00:34   k_used_max: 727079
08:00:34   k_used_mean: 675046
08:00:34   k_used_min: 626142
08:00:34   logit_mean_avg: -4.58587
08:00:34   mask_density: 0.124008
08:03:33   >>>>>>>>>>>>>>>>>>>>>>>>>>>>>>
08:03:33   binary cross entropy: 0.538525
08:03:33   k_used_max: 730555
08:03:33   k_used_mean: 680099
08:03:33   k_used_min: 653507
08:03:33   logit_mean_avg: -4.61258
08:03:33   mask_density: 0.124936
08:06:32   >>>>>>>>>>>>>>>>>>>>>>>>>>>>>>
08:06:32   binary cross entropy: 0.189633
08:06:32   k_used_max: 744526
08:06:32   k_used_mean: 718868
08:06:32   k_used_min: 698349
08:06:32   logit_mean_avg: -4.55836
08:06:32   mask_density: 0.132058
08:09:31   >>>>>>>>>>>>>>>>>>>>>>>>>>>>>>
08:09:31   binary cross entropy: 0.194261
08:09:31   k_used_max: 752207
08:09:31   k_used_mean: 682902
08:09:31   k_used_min: 616202
08:09:31   logit_mean_avg: -4.61708
08:09:31   mask_density: 0.125451
08:12:30   >>>>>>>>>>>>>>>>>>>>>>>>>>>>>>
08:12:30   binary cross entropy: 0.236716
08:12:30   k_used_max: 726215
08:12:30   k_used_mean: 671594
08:12:30   k_used_min: 606388
08:12:30   logit_mean_avg: -4.63775
08:12:30   mask_density: 0.123374
08:15:29   >>>>>>>>>>>>>>>>>>>>>>>>>>>>>>
08:15:29   binary cross entropy: 0.0613223
08:15:29   k_used_max: 723195
08:15:29   k_used_mean: 661057
08:15:29   k_used_min: 609819
08:15:29   logit_mean_avg: -4.68088
08:15:29   mask_density: 0.121438
08:18:29   >>>>>>>>>>>>>>>>>>>>>>>>>>>>>>
08:18:29   binary cross entropy: 0.140691
08:18:29   k_used_max: 733315
08:18:29   k_used_mean: 697512
08:18:29   k_used_min: 640185
08:18:29   logit_mean_avg: -4.64408
08:18:29   mask_density: 0.128135
08:21:28   >>>>>>>>>>>>>>>>>>>>>>>>>>>>>>
08:21:28   binary cross entropy: 0.49729
08:21:28   k_used_max: 772349
08:21:28   k_used_mean: 752790
08:21:28   k_used_min: 740543
08:21:28   logit_mean_avg: -4.55765
08:21:28   mask_density: 0.13829
08:24:27   >>>>>>>>>>>>>>>>>>>>>>>>>>>>>>
08:24:27   binary cross entropy: 0.0946578
08:24:27   k_used_max: 759096
08:24:27   k_used_mean: 745287
08:24:27   k_used_min: 736095
08:24:27   logit_mean_avg: -4.62848
08:24:27   mask_density: 0.136912
08:27:26   >>>>>>>>>>>>>>>>>>>>>>>>>>>>>>
08:27:26   binary cross entropy: 0.183572
08:27:26   k_used_max: 749164
08:27:26   k_used_mean: 729435
08:27:26   k_used_min: 701585
08:27:26   logit_mean_avg: -4.67714
08:27:26   mask_density: 0.134
08:30:25   >>>>>>>>>>>>>>>>>>>>>>>>>>>>>>
08:30:25   binary cross entropy: 0.110058
08:30:25   k_used_max: 745541
08:30:25   k_used_mean: 724029
08:30:25   k_used_min: 703091
08:30:25   logit_mean_avg: -4.70922
08:30:25   mask_density: 0.133006
08:33:25   >>>>>>>>>>>>>>>>>>>>>>>>>>>>>>
08:33:25   binary cross entropy: 0.281607
08:33:25   k_used_max: 739889
08:33:25   k_used_mean: 717710
08:33:25   k_used_min: 689024
08:33:25   logit_mean_avg: -4.72735
08:33:25   mask_density: 0.131846
08:36:06   >>>>>>>>>>>>>>>>>>>>>>>>>>>>>>
08:36:06   Epoch 3 end
08:36:06   duration: 2.54 hours
08:36:06   speed: 0.05 batch / sec
08:36:06   ETA: 0.00 secs
08:36:06   max GPU memory: 96674.9 MiB
08:36:06   ------------------------------
08:36:06   average binary cross entropy: 0.231619
08:36:06   average k_used_max: 732971
08:36:06   average k_used_mean: 683067
08:36:06   average k_used_min: 625960
08:36:06   average logit_mean_avg: -4.58976
08:36:06   average mask_density: 0.125482
08:36:06   Save checkpoint to model_epoch_4.pth
08:36:11   >>>>>>>>>>>>>>>>>>>>>>>>>>>>>>
08:36:11   Evaluate on valid
08:39:18   ------------------------------
08:39:18   hits@1: 0.201
08:39:18   hits@10: 0.417
08:39:18   hits@3: 0.3
08:39:18   mr: 1640.9
08:39:18   mrr: 0.274622
08:39:18   >>>>>>>>>>>>>>>>>>>>>>>>>>>>>>
08:39:18   Epoch 4 begin
08:39:36   >>>>>>>>>>>>>>>>>>>>>>>>>>>>>>
08:39:36   binary cross entropy: 0.239153
08:39:36   k_used_max: 756769
08:39:36   k_used_mean: 724388
08:39:36   k_used_min: 698771
08:39:36   logit_mean_avg: -4.71679
08:39:36   mask_density: 0.133072
08:42:35   >>>>>>>>>>>>>>>>>>>>>>>>>>>>>>
08:42:35   binary cross entropy: 0.0899619
08:42:35   k_used_max: 738157
08:42:35   k_used_mean: 718288
08:42:35   k_used_min: 689518
08:42:35   logit_mean_avg: -4.72992
08:42:35   mask_density: 0.131952
08:45:34   >>>>>>>>>>>>>>>>>>>>>>>>>>>>>>
08:45:34   binary cross entropy: 0.510721
08:45:34   k_used_max: 742319
08:45:34   k_used_mean: 718599
08:45:34   k_used_min: 694530
08:45:34   logit_mean_avg: -4.73752
08:45:34   mask_density: 0.132009
08:48:33   >>>>>>>>>>>>>>>>>>>>>>>>>>>>>>
08:48:33   binary cross entropy: 0.0980869
08:48:33   k_used_max: 737140
08:48:33   k_used_mean: 710948
08:48:33   k_used_min: 680221
08:48:33   logit_mean_avg: -4.75723
08:48:33   mask_density: 0.130603
08:51:32   >>>>>>>>>>>>>>>>>>>>>>>>>>>>>>
08:51:32   binary cross entropy: 0.216883
08:51:32   k_used_max: 736963
08:51:32   k_used_mean: 706653
08:51:32   k_used_min: 664982
08:51:32   logit_mean_avg: -4.7718
08:51:32   mask_density: 0.129814
08:54:32   >>>>>>>>>>>>>>>>>>>>>>>>>>>>>>
08:54:32   binary cross entropy: 0.144466
08:54:32   k_used_max: 740216
08:54:32   k_used_mean: 712276
08:54:32   k_used_min: 676467
08:54:32   logit_mean_avg: -4.78241
08:54:32   mask_density: 0.130847
08:57:31   >>>>>>>>>>>>>>>>>>>>>>>>>>>>>>
08:57:31   binary cross entropy: 0.0564455
08:57:31   k_used_max: 739683
08:57:31   k_used_mean: 702774
08:57:31   k_used_min: 665795
08:57:31   logit_mean_avg: -4.7944
08:57:31   mask_density: 0.129102
09:00:30   >>>>>>>>>>>>>>>>>>>>>>>>>>>>>>
09:00:30   binary cross entropy: 0.140194
09:00:30   k_used_max: 745575
09:00:30   k_used_mean: 709373
09:00:30   k_used_min: 668061
09:00:30   logit_mean_avg: -4.79344
09:00:30   mask_density: 0.130314
09:03:29   >>>>>>>>>>>>>>>>>>>>>>>>>>>>>>
09:03:29   binary cross entropy: 0.4898
09:03:29   k_used_max: 744249
09:03:29   k_used_mean: 702970
09:03:29   k_used_min: 663427
09:03:29   logit_mean_avg: -4.80599
09:03:29   mask_density: 0.129138
09:06:28   >>>>>>>>>>>>>>>>>>>>>>>>>>>>>>
09:06:28   binary cross entropy: 0.440557
09:06:28   k_used_max: 732503
09:06:28   k_used_mean: 707388
09:06:28   k_used_min: 668689
09:06:28   logit_mean_avg: -4.82557
09:06:28   mask_density: 0.12995
09:09:28   >>>>>>>>>>>>>>>>>>>>>>>>>>>>>>
09:09:28   binary cross entropy: 0.810685
09:09:28   k_used_max: 738886
09:09:28   k_used_mean: 687321
09:09:28   k_used_min: 663898
09:09:28   logit_mean_avg: -4.86818
09:09:28   mask_density: 0.126263
09:12:27   >>>>>>>>>>>>>>>>>>>>>>>>>>>>>>
09:12:27   binary cross entropy: 0.250718
09:12:27   k_used_max: 750769
09:12:27   k_used_mean: 715688
09:12:27   k_used_min: 675622
09:12:27   logit_mean_avg: -4.84318
09:12:27   mask_density: 0.131474
09:15:26   >>>>>>>>>>>>>>>>>>>>>>>>>>>>>>
09:15:26   binary cross entropy: 0.0537064
09:15:26   k_used_max: 741173
09:15:26   k_used_mean: 710000
09:15:26   k_used_min: 669097
09:15:26   logit_mean_avg: -4.7666
09:15:26   mask_density: 0.130429
09:18:25   >>>>>>>>>>>>>>>>>>>>>>>>>>>>>>
09:18:25   binary cross entropy: 0.150414
09:18:25   k_used_max: 752587
09:18:25   k_used_mean: 722232
09:18:25   k_used_min: 694186
09:18:25   logit_mean_avg: -4.7233
09:18:25   mask_density: 0.132676
09:21:25   >>>>>>>>>>>>>>>>>>>>>>>>>>>>>>
09:21:25   binary cross entropy: 0.87452
09:21:25   k_used_max: 830417
09:21:25   k_used_mean: 757370
09:21:25   k_used_min: 706959
09:21:25   logit_mean_avg: -4.44739
09:21:25   mask_density: 0.139131
09:24:24   >>>>>>>>>>>>>>>>>>>>>>>>>>>>>>
09:24:24   binary cross entropy: 0.638906
09:24:24   k_used_max: 768044
09:24:24   k_used_mean: 728419
09:24:24   k_used_min: 684564
09:24:24   logit_mean_avg: -4.69514
09:24:24   mask_density: 0.133813
09:27:23   >>>>>>>>>>>>>>>>>>>>>>>>>>>>>>
09:27:23   binary cross entropy: 0.489754
09:27:23   k_used_max: 751748
09:27:23   k_used_mean: 716184
09:27:23   k_used_min: 668846
09:27:23   logit_mean_avg: -4.716
09:27:23   mask_density: 0.131566
09:30:22   >>>>>>>>>>>>>>>>>>>>>>>>>>>>>>
09:30:22   binary cross entropy: 0.206208
09:30:22   k_used_max: 747461
09:30:22   k_used_mean: 718682
09:30:22   k_used_min: 692196
09:30:22   logit_mean_avg: -4.75441
09:30:22   mask_density: 0.132024
09:33:21   >>>>>>>>>>>>>>>>>>>>>>>>>>>>>>
09:33:21   binary cross entropy: 0.426333
09:33:21   k_used_max: 774896
09:33:21   k_used_mean: 733834
09:33:21   k_used_min: 698244
09:33:21   logit_mean_avg: -4.70302
09:33:21   mask_density: 0.134808
09:36:21   >>>>>>>>>>>>>>>>>>>>>>>>>>>>>>
09:36:21   binary cross entropy: 0.788075
09:36:21   k_used_max: 748417
09:36:21   k_used_mean: 708149
09:36:21   k_used_min: 663134
09:36:21   logit_mean_avg: -4.77512
09:36:21   mask_density: 0.13009
09:39:20   >>>>>>>>>>>>>>>>>>>>>>>>>>>>>>
09:39:20   binary cross entropy: 0.0384573
09:39:20   k_used_max: 763063
09:39:20   k_used_mean: 709318
09:39:20   k_used_min: 659956
09:39:20   logit_mean_avg: -4.7684
09:39:20   mask_density: 0.130304
09:42:20   >>>>>>>>>>>>>>>>>>>>>>>>>>>>>>
09:42:20   binary cross entropy: 0.0454364
09:42:20   k_used_max: 749734
09:42:20   k_used_mean: 715719
09:42:20   k_used_min: 662222
09:42:20   logit_mean_avg: -4.77793
09:42:20   mask_density: 0.13148
09:45:19   >>>>>>>>>>>>>>>>>>>>>>>>>>>>>>
09:45:19   binary cross entropy: 0.431844
09:45:19   k_used_max: 756715
09:45:19   k_used_mean: 721320
09:45:19   k_used_min: 683336
09:45:19   logit_mean_avg: -4.76034
09:45:19   mask_density: 0.132509
09:48:18   >>>>>>>>>>>>>>>>>>>>>>>>>>>>>>
09:48:18   binary cross entropy: 0.26998
09:48:18   k_used_max: 735040
09:48:18   k_used_mean: 711420
09:48:18   k_used_min: 663827
09:48:18   logit_mean_avg: -4.8091
09:48:18   mask_density: 0.13069
09:51:17   >>>>>>>>>>>>>>>>>>>>>>>>>>>>>>
09:51:17   binary cross entropy: 0.176278
09:51:17   k_used_max: 735081
09:51:17   k_used_mean: 685823
09:51:17   k_used_min: 652115
09:51:17   logit_mean_avg: -4.88282
09:51:17   mask_density: 0.125988
09:54:17   >>>>>>>>>>>>>>>>>>>>>>>>>>>>>>
09:54:17   binary cross entropy: 0.0876854
09:54:17   k_used_max: 735790
09:54:17   k_used_mean: 697601
09:54:17   k_used_min: 659392
09:54:17   logit_mean_avg: -4.88927
09:54:17   mask_density: 0.128152
09:57:16   >>>>>>>>>>>>>>>>>>>>>>>>>>>>>>
09:57:16   binary cross entropy: 0.246458
09:57:16   k_used_max: 780213
09:57:16   k_used_mean: 733753
09:57:16   k_used_min: 688385
09:57:16   logit_mean_avg: -4.81234
09:57:16   mask_density: 0.134793
10:00:15   >>>>>>>>>>>>>>>>>>>>>>>>>>>>>>
10:00:15   binary cross entropy: 0.0415974
10:00:15   k_used_max: 738142
10:00:15   k_used_mean: 702028
10:00:15   k_used_min: 653229
10:00:15   logit_mean_avg: -4.90957
10:00:15   mask_density: 0.128965
10:03:14   >>>>>>>>>>>>>>>>>>>>>>>>>>>>>>
10:03:14   binary cross entropy: 0.11255
10:03:14   k_used_max: 748700
10:03:14   k_used_mean: 700162
10:03:14   k_used_min: 647758
10:03:14   logit_mean_avg: -4.92589
10:03:14   mask_density: 0.128622
10:06:14   >>>>>>>>>>>>>>>>>>>>>>>>>>>>>>
10:06:14   binary cross entropy: 0.046298
10:06:14   k_used_max: 764679
10:06:14   k_used_mean: 691375
10:06:14   k_used_min: 654164
10:06:14   logit_mean_avg: -4.93255
10:06:14   mask_density: 0.127008
10:09:13   >>>>>>>>>>>>>>>>>>>>>>>>>>>>>>
10:09:13   binary cross entropy: 0.0391193
10:09:13   k_used_max: 723314
10:09:13   k_used_mean: 691321
10:09:13   k_used_min: 647761
10:09:13   logit_mean_avg: -4.95233
10:09:13   mask_density: 0.126998
10:12:12   >>>>>>>>>>>>>>>>>>>>>>>>>>>>>>
10:12:12   binary cross entropy: 0.618784
10:12:12   k_used_max: 747361
10:12:12   k_used_mean: 688601
10:12:12   k_used_min: 646309
10:12:12   logit_mean_avg: -4.95804
10:12:12   mask_density: 0.126498
10:15:12   >>>>>>>>>>>>>>>>>>>>>>>>>>>>>>
10:15:12   binary cross entropy: 0.0404356
10:15:12   k_used_max: 720694
10:15:12   k_used_mean: 686455
10:15:12   k_used_min: 631886
10:15:12   logit_mean_avg: -4.99537
10:15:12   mask_density: 0.126104
10:18:11   >>>>>>>>>>>>>>>>>>>>>>>>>>>>>>
10:18:11   binary cross entropy: 0.361168
10:18:11   k_used_max: 737866
10:18:11   k_used_mean: 706070
10:18:11   k_used_min: 670348
10:18:11   logit_mean_avg: -4.9622
10:18:11   mask_density: 0.129707
10:21:10   >>>>>>>>>>>>>>>>>>>>>>>>>>>>>>
10:21:10   binary cross entropy: 0.345694
10:21:10   k_used_max: 759945
10:21:10   k_used_mean: 691544
10:21:10   k_used_min: 646875
10:21:10   logit_mean_avg: -5.00289
10:21:10   mask_density: 0.127039
10:24:09   >>>>>>>>>>>>>>>>>>>>>>>>>>>>>>
10:24:09   binary cross entropy: 0.0867116
10:24:09   k_used_max: 735231
10:24:09   k_used_mean: 686486
10:24:09   k_used_min: 632334
10:24:09   logit_mean_avg: -5.02371
10:24:09   mask_density: 0.12611
10:27:08   >>>>>>>>>>>>>>>>>>>>>>>>>>>>>>
10:27:08   binary cross entropy: 0.261197
10:27:08   k_used_max: 760000
10:27:08   k_used_mean: 694972
10:27:08   k_used_min: 641869
10:27:08   logit_mean_avg: -5.00096
10:27:08   mask_density: 0.127669
10:30:08   >>>>>>>>>>>>>>>>>>>>>>>>>>>>>>
10:30:08   binary cross entropy: 0.0820134
10:30:08   k_used_max: 711164
10:30:08   k_used_mean: 691735
10:30:08   k_used_min: 640573
10:30:08   logit_mean_avg: -5.03299
10:30:08   mask_density: 0.127074
10:33:07   >>>>>>>>>>>>>>>>>>>>>>>>>>>>>>
10:33:07   binary cross entropy: 0.0513429
10:33:07   k_used_max: 744892
10:33:07   k_used_mean: 670816
10:33:07   k_used_min: 617398
10:33:07   logit_mean_avg: -5.06464
10:33:07   mask_density: 0.123231
10:36:06   >>>>>>>>>>>>>>>>>>>>>>>>>>>>>>
10:36:06   binary cross entropy: 0.503588
10:36:06   k_used_max: 696933
10:36:06   k_used_mean: 663457
10:36:06   k_used_min: 624879
10:36:06   logit_mean_avg: -5.08703
10:36:06   mask_density: 0.121879
10:39:05   >>>>>>>>>>>>>>>>>>>>>>>>>>>>>>
10:39:05   binary cross entropy: 0.0267897
10:39:05   k_used_max: 677434
10:39:05   k_used_mean: 659118
10:39:05   k_used_min: 618582
10:39:05   logit_mean_avg: -5.1063
10:39:05   mask_density: 0.121083
10:42:04   >>>>>>>>>>>>>>>>>>>>>>>>>>>>>>
10:42:04   binary cross entropy: 0.0655811
10:42:04   k_used_max: 730285
10:42:04   k_used_mean: 683490
10:42:04   k_used_min: 636801
10:42:04   logit_mean_avg: -5.09769
10:42:04   mask_density: 0.125559
10:45:04   >>>>>>>>>>>>>>>>>>>>>>>>>>>>>>
10:45:04   binary cross entropy: 0.281945
10:45:04   k_used_max: 731069
10:45:04   k_used_mean: 673295
10:45:04   k_used_min: 649367
10:45:04   logit_mean_avg: -5.10734
10:45:04   mask_density: 0.123687
10:48:03   >>>>>>>>>>>>>>>>>>>>>>>>>>>>>>
10:48:03   binary cross entropy: 0.103766
10:48:03   k_used_max: 672226
10:48:03   k_used_mean: 635064
10:48:03   k_used_min: 571836
10:48:03   logit_mean_avg: -5.16356
10:48:03   mask_density: 0.116663
10:51:02   >>>>>>>>>>>>>>>>>>>>>>>>>>>>>>
10:51:02   binary cross entropy: 0.498871
10:51:02   k_used_max: 682185
10:51:02   k_used_mean: 635391
10:51:02   k_used_min: 583301
10:51:02   logit_mean_avg: -5.19283
10:51:02   mask_density: 0.116723
