09:57:14   Config file: NBFNet/config/knowledge_graph/rdkg_masked.yaml
09:57:14   {'dataset': {'class': 'RDKG',
             'path': '/nfs/stak/users/hodgesf/data/splits_human'},
 'engine': {'batch_size': 4, 'gpus': [0], 'log_interval': 25},
 'fast_test': 1000,
 'metric': 'mrr',
 'optimizer': {'class': 'Adam', 'lr': 0.0005},
 'output_dir': '~/experiments/',
 'task': {'adversarial_temperature': 1,
          'class': 'KnowledgeGraphCompletion',
          'criterion': 'bce',
          'full_batch_eval': True,
          'model': {'aggregate_func': 'sum',
                    'audit': True,
                    'class': 'MaskedNBFNet',
                    'dependent': False,
                    'hidden_dims': [32, 32, 32, 32, 32, 32],
                    'input_dim': 32,
                    'lambda_l1': 1e-07,
                    'layer_norm': True,
                    'message_func': 'distmult',
                    'selector_dim': 32,
                    'short_cut': True},
          'num_negative': 32,
          'sample_weight': False,
          'strict_negative': True},
 'train': {'batch_per_epoch': 250, 'num_epoch': 4}}
09:57:27   RDKG(
  #entity: 855997
  #relation: 25
  #triplet: 2723762
)
09:57:27   #train: 275217, #valid: 33862, #test: 33880
09:57:27   Quick test mode on. Only evaluate on 1000 samples for valid / test.
09:57:27   Preprocess training set
09:57:28   {'batch_size': 4,
 'class': 'core.Engine',
 'gpus': [0],
 'gradient_interval': 1,
 'log_interval': 25,
 'logger': 'logging',
 'num_worker': 0,
 'optimizer': {'amsgrad': False,
               'betas': (0.9, 0.999),
               'capturable': False,
               'class': 'optim.Adam',
               'differentiable': False,
               'eps': 1e-08,
               'foreach': None,
               'fused': None,
               'lr': 0.0005,
               'maximize': False,
               'weight_decay': 0},
 'scheduler': None,
 'task': {'adversarial_temperature': 1,
          'class': 'tasks.KnowledgeGraphCompletion',
          'criterion': 'bce',
          'fact_ratio': None,
          'filtered_ranking': True,
          'full_batch_eval': True,
          'margin': 6,
          'metric': ('mr', 'mrr', 'hits@1', 'hits@3', 'hits@10'),
          'model': {'activation': 'relu',
                    'aggregate_func': 'sum',
                    'class': 'model.MaskedNBFNet',
                    'concat_hidden': False,
                    'dependent': False,
                    'hidden_dims': [32, 32, 32, 32, 32, 32],
                    'input_dim': 32,
                    'layer_norm': True,
                    'message_func': 'distmult',
                    'num_beam': 10,
                    'num_mlp_layer': 2,
                    'num_relation': tensor(25),
                    'path_topk': 10,
                    'remove_one_hop': False,
                    'short_cut': True,
                    'symmetric': False},
          'num_negative': 32,
          'sample_weight': False,
          'strict_negative': True},
 'test_set': {'class': 'dataset.Subset',
              'dataset': {'class': 'dataset.Subset',
                          'dataset': {'class': 'datasets.RDKG',
                                      'path': '/nfs/stak/users/hodgesf/data/splits_human',
                                      'verbose': 1},
                          'indices': range(2689882, 2723762)},
              'indices': [2161, 19356, 20768, ..., 1911, 5265, 10364]},
 'train_set': {'class': 'dataset.Subset',
               'dataset': {'class': 'datasets.RDKG',
                           'path': '/nfs/stak/users/hodgesf/data/splits_human',
                           'verbose': 1},
               'indices': [1522608, 1329446, 1384467, ..., 2474824, 2474825,
                           2474826]},
 'valid_set': {'class': 'dataset.Subset',
               'dataset': {'class': 'dataset.Subset',
                           'dataset': {'class': 'datasets.RDKG',
                                       'path': '/nfs/stak/users/hodgesf/data/splits_human',
                                       'verbose': 1},
                           'indices': range(2656020, 2689882)},
               'indices': [15505, 8898, 12623, ..., 21654, 29890, 24828]}}
09:57:28   >>>>>>>>>>>>>>>>>>>>>>>>>>>>>>
09:57:28   Epoch 0 begin
09:57:52   >>>>>>>>>>>>>>>>>>>>>>>>>>>>>>
09:57:52   binary cross entropy: 0.721343
09:57:52   k_used_max: 5.44357e+06
09:57:52   k_used_mean: 5.44357e+06
09:57:52   k_used_min: 5.44357e+06
09:57:52   logit_mean_avg: 0.0505042
09:57:52   mask_density: 1
10:05:20   >>>>>>>>>>>>>>>>>>>>>>>>>>>>>>
10:05:20   binary cross entropy: 0.232017
10:05:20   k_used_max: 1.27296e+06
10:05:20   k_used_mean: 931362
10:05:20   k_used_min: 723447
10:05:20   logit_mean_avg: -0.00485514
10:05:20   mask_density: 0.171094
10:12:49   >>>>>>>>>>>>>>>>>>>>>>>>>>>>>>
10:12:49   binary cross entropy: 0.125839
10:12:49   k_used_max: 299478
10:12:49   k_used_mean: 272363
10:12:49   k_used_min: 214623
10:12:49   logit_mean_avg: -0.0233479
10:12:49   mask_density: 0.0500339
